Component: ARM Compiler 5.05 update 1 (build 106) Tool: armlink [4d0efa]

==============================================================================

Section Cross References

    main.o(.text) refers to misc.o(.text) for NVIC_PriorityGroupConfig
    main.o(.text) refers to delay.o(.text) for delay_init
    main.o(.text) refers to usart.o(.text) for uart_init
    main.o(.text) refers to infrared.o(.text) for infrared_init
    main.o(.text) refers to timer_encoder.o(.text) for Encoder_Init_TIM24
    main.o(.text) refers to arm.o(.text) for Arminit
    main.o(.text) refers to stepmotor.o(.text) for Stepmotor_Init
    main.o(.text) refers to atimer.o(.text) for PWM_Configuration
    main.o(.text) refers to pid.o(.text) for Setpwm
    main.o(.text) refers to ultrasound.o(.text) for Ultrasound_Init
    main.o(.text) refers to otimer.o(.text) for OrdinaryTimerInit6
    main.o(.text) refers to linefollow.o(.text) for resetPIDline
    main.o(.text) refers to stm32f10x_tim.o(.text) for TIM_SetCompare1
    main.o(.text) refers to strategy.o(.data) for crossmark
    main.o(.text) refers to linefollow.o(.data) for initial_motor_speed
    main.o(.text) refers to pid.o(.data) for IsCloseloop
    main.o(.text) refers to pid.o(.bss) for PID_left
    main.o(.text) refers to main.o(.data) for dst
    system_stm32f10x.o(.text) refers to system_stm32f10x.o(.data) for SystemCoreClock
    delay.o(.text) refers to misc.o(.text) for SysTick_CLKSourceConfig
    delay.o(.text) refers to system_stm32f10x.o(.data) for SystemCoreClock
    delay.o(.text) refers to delay.o(.data) for fac_us
    usart.o(.text) refers (Special) to use_no_semi_2.o(.text) for __use_no_semihosting
    usart.o(.text) refers to _printf_percent.o(.ARM.Collect$$_printf_percent$$00000000) for _printf_percent
    usart.o(.text) refers to _printf_d.o(.ARM.Collect$$_printf_percent$$00000009) for _printf_d
    usart.o(.text) refers to _printf_dec.o(.text) for _printf_int_dec
    usart.o(.text) refers to stm32f10x_rcc.o(.text) for RCC_APB2PeriphClockCmd
    usart.o(.text) refers to stm32f10x_gpio.o(.text) for GPIO_Init
    usart.o(.text) refers to misc.o(.text) for NVIC_Init
    usart.o(.text) refers to stm32f10x_usart.o(.text) for USART_Init
    usart.o(.text) refers to noretval__2printf.o(.text) for __2printf
    usart.o(.text) refers to arm.o(.text) for Fetch_forward
    usart.o(.text) refers to pid.o(.text) for Setpwm
    usart.o(.text) refers to ultrasound.o(.text) for Measure_DST
    usart.o(.text) refers to dflt_clz.o(x$fpl$dflt) for __aeabi_i2d
    usart.o(.text) refers to daddsub_clz.o(x$fpl$dsub) for __aeabi_dsub
    usart.o(.text) refers to dmul.o(x$fpl$dmul) for __aeabi_dmul
    usart.o(.text) refers to dfix.o(x$fpl$dfix) for __aeabi_d2iz
    usart.o(.text) refers to stepmotor.o(.text) for elevate
    usart.o(.text) refers to usart.o(.data) for USART_RX_STA
    usart.o(.text) refers to usart.o(.bss) for USART_RX_BUF
    usart.o(.text) refers to main.o(.data) for startswitch
    usart.o(.text) refers to pid.o(.data) for pwmlevel_left
    usart.o(.text) refers to arm.o(.data) for shoulder
    usart.o(.text) refers to stepmotor.o(.data) for elevate_angle
    usart.o(.bss) refers (Special) to use_no_semi_2.o(.text) for __use_no_semihosting
    usart.o(.data) refers (Special) to use_no_semi_2.o(.text) for __use_no_semihosting
    startup_stm32f10x_hd.o(STACK) refers (Special) to heapauxi.o(.text) for __use_two_region_memory
    startup_stm32f10x_hd.o(HEAP) refers (Special) to heapauxi.o(.text) for __use_two_region_memory
    startup_stm32f10x_hd.o(RESET) refers (Special) to heapauxi.o(.text) for __use_two_region_memory
    startup_stm32f10x_hd.o(RESET) refers to startup_stm32f10x_hd.o(STACK) for __initial_sp
    startup_stm32f10x_hd.o(RESET) refers to startup_stm32f10x_hd.o(.text) for Reset_Handler
    startup_stm32f10x_hd.o(RESET) refers to stm32f10x_it.o(.text) for NMI_Handler
    startup_stm32f10x_hd.o(RESET) refers to timer_encoder.o(.text) for TIM2_IRQHandler
    startup_stm32f10x_hd.o(RESET) refers to ultrasound.o(.text) for TIM3_IRQHandler
    startup_stm32f10x_hd.o(RESET) refers to usart.o(.text) for USART1_IRQHandler
    startup_stm32f10x_hd.o(RESET) refers to otimer.o(.text) for TIM6_IRQHandler
    startup_stm32f10x_hd.o(.text) refers (Special) to heapauxi.o(.text) for __use_two_region_memory
    startup_stm32f10x_hd.o(.text) refers to system_stm32f10x.o(.text) for SystemInit
    startup_stm32f10x_hd.o(.text) refers to __main.o(!!!main) for __main
    startup_stm32f10x_hd.o(.text) refers to startup_stm32f10x_hd.o(HEAP) for Heap_Mem
    startup_stm32f10x_hd.o(.text) refers to startup_stm32f10x_hd.o(STACK) for Stack_Mem
    stm32f10x_gpio.o(.text) refers to stm32f10x_rcc.o(.text) for RCC_APB2PeriphResetCmd
    stm32f10x_i2c.o(.text) refers to stm32f10x_rcc.o(.text) for RCC_APB1PeriphResetCmd
    stm32f10x_rcc.o(.text) refers to stm32f10x_rcc.o(.data) for APBAHBPrescTable
[...]
    ../clib/angel/boardlib.s                 0x00000000   Number         0  boardinit3.o ABSOLUTE
    ../clib/angel/boardlib.s                 0x00000000   Number         0  boardinit1.o ABSOLUTE
    ../clib/angel/dczerorl2.s                0x00000000   Number         0  __dczerorl2.o ABSOLUTE
    ../clib/angel/handlers.s                 0x00000000   Number         0  __scatter_zi.o ABSOLUTE
    ../clib/angel/kernel.s                   0x00000000   Number         0  __rtentry.o ABSOLUTE
    ../clib/angel/kernel.s                   0x00000000   Number         0  rtexit2.o ABSOLUTE
    ../clib/angel/kernel.s                   0x00000000   Number         0  __rtentry4.o ABSOLUTE
    ../clib/angel/kernel.s                   0x00000000   Number         0  __rtentry2.o ABSOLUTE
    ../clib/angel/kernel.s                   0x00000000   Number         0  rtexit.o ABSOLUTE
    ../clib/angel/rt.s                       0x00000000   Number         0  rt_raise.o ABSOLUTE
    ../clib/angel/scatter.s                  0x00000000   Number         0  __scatter.o ABSOLUTE
    ../clib/angel/startup.s                  0x00000000   Number         0  __main.o ABSOLUTE
    ../clib/angel/sys.s                      0x00000000   Number         0  use_no_semi.o ABSOLUTE
    ../clib/angel/sys.s                      0x00000000   Number         0  sys_stackheap_outer.o ABSOLUTE
    ../clib/angel/sys.s                      0x00000000   Number         0  use_no_semi_2.o ABSOLUTE
    ../clib/angel/sys.s                      0x00000000   Number         0  indicate_semi.o ABSOLUTE
    ../clib/angel/sys.s                      0x00000000   Number         0  libspace.o ABSOLUTE
    ../clib/angel/sysapp.c                   0x00000000   Number         0  sys_wrch.o ABSOLUTE
    ../clib/angel/sysapp.c                   0x00000000   Number         0  sys_command.o ABSOLUTE
    ../clib/armsys.c                         0x00000000   Number         0  argv_veneer.o ABSOLUTE
    ../clib/armsys.c                         0x00000000   Number         0  argv_veneer.o ABSOLUTE
    ../clib/armsys.c                         0x00000000   Number         0  no_argv.o ABSOLUTE
    ../clib/armsys.c                         0x00000000   Number         0  _get_argv_nomalloc.o ABSOLUTE
    ../clib/heapalloc.c                      0x00000000   Number         0  hrguard.o ABSOLUTE
    ../clib/heapaux.c                        0x00000000   Number         0  heapauxi.o ABSOLUTE
    ../clib/libinit.s                        0x00000000   Number         0  libshutdown2.o ABSOLUTE
    ../clib/libinit.s                        0x00000000   Number         0  libinit.o ABSOLUTE
    ../clib/libinit.s                        0x00000000   Number         0  libinit2.o ABSOLUTE
    ../clib/libinit.s                        0x00000000   Number         0  libshutdown.o ABSOLUTE
    ../clib/printf.c                         0x00000000   Number         0  __printf_nopercent.o ABSOLUTE
    ../clib/printf.c                         0x00000000   Number         0  __2printf.o ABSOLUTE
    ../clib/printf.c                         0x00000000   Number         0  noretval__2printf.o ABSOLUTE
    ../clib/printf.c                         0x00000000   Number         0  __printf.o ABSOLUTE
    ../clib/printf.c                         0x00000000   Number         0  _printf_dec.o ABSOLUTE
    ../clib/printf.c                         0x00000000   Number         0  __printf_flags.o ABSOLUTE
    ../clib/printf.c                         0x00000000   Number         0  __printf_flags_ss.o ABSOLUTE
    ../clib/printf.c                         0x00000000   Number         0  __printf_wp.o ABSOLUTE
    ../clib/printf.c                         0x00000000   Number         0  __printf_flags_wp.o ABSOLUTE
    ../clib/printf.c                         0x00000000   Number         0  __printf_ss_wp.o ABSOLUTE
    ../clib/printf.c                         0x00000000   Number         0  __printf_flags_ss_wp.o ABSOLUTE
    ../clib/printf.c                         0x00000000   Number         0  _printf_char_common.o ABSOLUTE
    ../clib/printf.c                         0x00000000   Number         0  _printf_char_file.o ABSOLUTE
    ../clib/printf.c                         0x00000000   Number         0  _printf_intcommon.o ABSOLUTE
    ../clib/printf.c                         0x00000000   Number         0  __printf_ss.o ABSOLUTE
    ../clib/printf_percent.s                 0x00000000   Number         0  _printf_d.o ABSOLUTE
    ../clib/printf_percent.s                 0x00000000   Number         0  _printf_percent_end.o ABSOLUTE
    ../clib/printf_percent.s                 0x00000000   Number         0  _printf_percent.o ABSOLUTE
    ../clib/signal.c                         0x00000000   Number         0  defsig_abrt_inner.o ABSOLUTE
    ../clib/signal.c                         0x00000000   Number         0  defsig_segv_inner.o ABSOLUTE
    ../clib/signal.c                         0x00000000   Number         0  defsig_rtmem_formal.o ABSOLUTE
    ../clib/signal.c                         0x00000000   Number         0  defsig_exit.o ABSOLUTE
    ../clib/signal.c                         0x00000000   Number         0  defsig_rtmem_inner.o ABSOLUTE
    ../clib/signal.c                         0x00000000   Number         0  __raise.o ABSOLUTE
    ../clib/signal.c                         0x00000000   Number         0  defsig_pvfn_inner.o ABSOLUTE
    ../clib/signal.c                         0x00000000   Number         0  defsig_stak_inner.o ABSOLUTE
    ../clib/signal.c                         0x00000000   Number         0  defsig_rtred_inner.o ABSOLUTE
    ../clib/signal.c                         0x00000000   Number         0  defsig_cppl_inner.o ABSOLUTE
    ../clib/signal.c                         0x00000000   Number         0  defsig_fpe_inner.o ABSOLUTE
    ../clib/signal.c                         0x00000000   Number         0  defsig_rtmem_outer.o ABSOLUTE
    ../clib/signal.c                         0x00000000   Number         0  defsig_general.o ABSOLUTE
    ../clib/signal.c                         0x00000000   Number         0  defsig_other.o ABSOLUTE
    ../clib/signal.s                         0x00000000   Number         0  defsig.o ABSOLUTE
    ../clib/stdio.c                          0x00000000   Number         0  ferror_locked.o ABSOLUTE
    ../clib/stdio.c                          0x00000000   Number         0  ferror.o ABSOLUTE
    ../clib/stdlib.c                         0x00000000   Number         0  exit.o ABSOLUTE
    ../fplib/d2f.s                           0x00000000   Number         0  d2f.o ABSOLUTE
    ../fplib/daddsub.s                       0x00000000   Number         0  daddsub_clz.o ABSOLUTE
    ../fplib/ddiv.s                          0x00000000   Number         0  ddiv.o ABSOLUTE
    ../fplib/dfix.s                          0x00000000   Number         0  dfix.o ABSOLUTE
    ../fplib/dflt.s                          0x00000000   Number         0  dflt_clz.o ABSOLUTE
    ../fplib/dmul.s                          0x00000000   Number         0  dmul.o ABSOLUTE
    ../fplib/dnaninf.s                       0x00000000   Number         0  dnaninf.o ABSOLUTE
    ../fplib/dretinf.s                       0x00000000   Number         0  dretinf.o ABSOLUTE
    ../fplib/faddsub.s                       0x00000000   Number         0  faddsub_clz.o ABSOLUTE
    ../fplib/fcmpi.s                         0x00000000   Number         0  fcmpi.o ABSOLUTE
    ../fplib/fdiv.s                          0x00000000   Number         0  fdiv.o ABSOLUTE
    ../fplib/ffix.s                          0x00000000   Number         0  ffix.o ABSOLUTE
    ../fplib/fflt.s                          0x00000000   Number         0  fflt_clz.o ABSOLUTE
    ../fplib/fleqf.s                         0x00000000   Number         0  fleqf.o ABSOLUTE
    ../fplib/fmul.s                          0x00000000   Number         0  fmul.o ABSOLUTE
    ../fplib/fnaninf.s                       0x00000000   Number         0  fnaninf.o ABSOLUTE
    ../fplib/fpinit.s                        0x00000000   Number         0  fpinit.o ABSOLUTE
    ../fplib/fretinf.s                       0x00000000   Number         0  fretinf.o ABSOLUTE
    ../fplib/frleqf.s                        0x00000000   Number         0  frleqf.o ABSOLUTE
    ../fplib/usenofp.s                       0x00000000   Number         0  usenofp.o ABSOLUTE
    ..\CORE\core_cm3.c                       0x00000000   Number         0  core_cm3.o ABSOLUTE
    ..\CORE\startup_stm32f10x_hd.s           0x00000000   Number         0  startup_stm32f10x_hd.o ABSOLUTE
    ..\HARDWARE\ARM\arm.c                    0x00000000   Number         0  arm.o ABSOLUTE
    ..\HARDWARE\ATIMER\atimer.c              0x00000000   Number         0  atimer.o ABSOLUTE
    ..\HARDWARE\INFRARED\infrared.c          0x00000000   Number         0  infrared.o ABSOLUTE
    ..\HARDWARE\LINEFOLLOW\linefollow.c      0x00000000   Number         0  linefollow.o ABSOLUTE
    ..\HARDWARE\OTIMER\otimer.c              0x00000000   Number         0  otimer.o ABSOLUTE
    ..\HARDWARE\PID\pid.c                    0x00000000   Number         0  pid.o ABSOLUTE
    ..\HARDWARE\STEPMOTOR\stepmotor.c        0x00000000   Number         0  stepmotor.o ABSOLUTE
    ..\HARDWARE\TIMER_ENCODER\timer_encoder.c 0x00000000   Number         0  timer_encoder.o ABSOLUTE
    ..\HARDWARE\ULTRASOUND\ultrasound.c      0x00000000   Number         0  ultrasound.o ABSOLUTE
    ..\STM32F10x_FWLib\src\misc.c            0x00000000   Number         0  misc.o ABSOLUTE
    ..\STM32F10x_FWLib\src\stm32f10x_dma.c   0x00000000   Number         0  stm32f10x_dma.o ABSOLUTE
    ..\STM32F10x_FWLib\src\stm32f10x_exti.c  0x00000000   Number         0  stm32f10x_exti.o ABSOLUTE
    ..\STM32F10x_FWLib\src\stm32f10x_gpio.c  0x00000000   Number         0  stm32f10x_gpio.o ABSOLUTE
    ..\STM32F10x_FWLib\src\stm32f10x_i2c.c   0x00000000   Number         0  stm32f10x_i2c.o ABSOLUTE
    ..\STM32F10x_FWLib\src\stm32f10x_rcc.c   0x00000000   Number         0  stm32f10x_rcc.o ABSOLUTE
    ..\STM32F10x_FWLib\src\stm32f10x_tim.c   0x00000000   Number         0  stm32f10x_tim.o ABSOLUTE
    ..\STM32F10x_FWLib\src\stm32f10x_usart.c 0x00000000   Number         0  stm32f10x_usart.o ABSOLUTE
    ..\STRATEGY\strategy.c                   0x00000000   Number         0  strategy.o ABSOLUTE
    ..\SYSTEM\delay\delay.c                  0x00000000   Number         0  delay.o ABSOLUTE
    ..\SYSTEM\sys\sys.c                      0x00000000   Number         0  sys.o ABSOLUTE
    ..\SYSTEM\usart\usart.c                  0x00000000   Number         0  usart.o ABSOLUTE
    ..\\CORE\\core_cm3.c                     0x00000000   Number         0  core_cm3.o ABSOLUTE
    ..\\SYSTEM\\sys\\sys.c                   0x00000000   Number         0  sys.o ABSOLUTE
    dc.s                                     0x00000000   Number         0  dc.o ABSOLUTE
    main.c                                   0x00000000   Number         0  main.o ABSOLUTE
    stm32f10x_it.c                           0x00000000   Number         0  stm32f10x_it.o ABSOLUTE
    system_stm32f10x.c                       0x00000000   Number         0  system_stm32f10x.o ABSOLUTE
    RESET                                    0x08000000   Section      304  startup_stm32f10x_hd.o(RESET)
    !!!main                                  0x08000130   Section        8  __main.o(!!!main)
    !!!scatter                               0x08000138   Section       52  __scatter.o(!!!scatter)
    !!dczerorl2                              0x0800016c   Section       90  __dczerorl2.o(!!dczerorl2)
    !!handler_zi                             0x080001c8   Section       28  __scatter_zi.o(!!handler_zi)
    .ARM.Collect$$_printf_percent$$00000000  0x080001e4   Section        0  _printf_percent.o(.ARM.Collect$$_printf_percent$$00000000)
    .ARM.Collect$$_printf_percent$$00000009  0x080001e4   Section        6  _printf_d.o(.ARM.Collect$$_printf_percent$$00000009)
    .ARM.Collect$$_printf_percent$$00000017  0x080001ea   Section        4  _printf_percent_end.o(.ARM.Collect$$_printf_percent$$00000017)
    .ARM.Collect$$libinit$$00000000          0x080001ee   Section        2  libinit.o(.ARM.Collect$$libinit$$00000000)
    .ARM.Collect$$libinit$$00000002          0x080001f0   Section        0  libinit2.o(.ARM.Collect$$libinit$$00000002)
    .ARM.Collect$$libinit$$00000004          0x080001f0   Section        0  libinit2.o(.ARM.Collect$$libinit$$00000004)
    .ARM.Collect$$libinit$$0000000A          0x080001f0   Section        0  libinit2.o(.ARM.Collect$$libinit$$0000000A)
    .ARM.Collect$$libinit$$0000000C          0x080001f0   Section        0  libinit2.o(.ARM.Collect$$libinit$$0000000C)
    .ARM.Collect$$libinit$$0000000E          0x080001f0   Section        0  libinit2.o(.ARM.Collect$$libinit$$0000000E)
    .ARM.Collect$$libinit$$00000011          0x080001f0   Section        0  libinit2.o(.ARM.Collect$$libinit$$00000011)
    .ARM.Collect$$libinit$$00000013          0x080001f0   Section        0  libinit2.o(.ARM.Collect$$libinit$$00000013)
    .ARM.Collect$$libinit$$00000015          0x080001f0   Section        0  libinit2.o(.ARM.Collect$$libinit$$00000015)
    .ARM.Collect$$libinit$$00000017          0x080001f0   Section        0  libinit2.o(.ARM.Collect$$libinit$$00000017)
    .ARM.Collect$$libinit$$00000019          0x080001f0   Section        0  libinit2.o(.ARM.Collect$$libinit$$00000019)
    .ARM.Collect$$libinit$$0000001B          0x080001f0   Section        0  libinit2.o(.ARM.Collect$$libinit$$0000001B)
    .ARM.Collect$$libinit$$0000001D          0x080001f0   Section        0  libinit2.o(.ARM.Collect$$libinit$$0000001D)
    .ARM.Collect$$libinit$$0000001F          0x080001f0   Section        0  libinit2.o(.ARM.Collect$$libinit$$0000001F)
    .ARM.Collect$$libinit$$00000021          0x080001f0   Section        0  libinit2.o(.ARM.Collect$$libinit$$00000021)
    .ARM.Collect$$libinit$$00000023          0x080001f0   Section        0  libinit2.o(.ARM.Collect$$libinit$$00000023)
    .ARM.Collect$$libinit$$00000025          0x080001f0   Section        0  libinit2.o(.ARM.Collect$$libinit$$00000025)
    .ARM.Collect$$libinit$$0000002C          0x080001f0   Section        0  libinit2.o(.ARM.Collect$$libinit$$0000002C)
    .ARM.Collect$$libinit$$0000002E          0x080001f0   Section        0  libinit2.o(.ARM.Collect$$libinit$$0000002E)
    .ARM.Collect$$libinit$$00000030          0x080001f0   Section        0  libinit2.o(.ARM.Collect$$libinit$$00000030)
    .ARM.Collect$$libinit$$00000032          0x080001f0   Section        0  libinit2.o(.ARM.Collect$$libinit$$00000032)
    .ARM.Collect$$libinit$$00000033          0x080001f0   Section        2  libinit2.o(.ARM.Collect$$libinit$$00000033)
    .ARM.Collect$$libshutdown$$00000000      0x080001f2   Section        2  libshutdown.o(.ARM.Collect$$libshutdown$$00000000)
    .ARM.Collect$$libshutdown$$00000003      0x080001f4   Section        0  libshutdown2.o(.ARM.Collect$$libshutdown$$00000003)
    .ARM.Collect$$libshutdown$$00000006      0x080001f4   Section        0  libshutdown2.o(.ARM.Collect$$libshutdown$$00000006)
    .ARM.Collect$$libshutdown$$00000009      0x080001f4   Section        0  libshutdown2.o(.ARM.Collect$$libshutdown$$00000009)
    .ARM.Collect$$libshutdown$$0000000B      0x080001f4   Section        0  libshutdown2.o(.ARM.Collect$$libshutdown$$0000000B)
    .ARM.Collect$$libshutdown$$0000000E      0x080001f4   Section        0  libshutdown2.o(.ARM.Collect$$libshutdown$$0000000E)
    .ARM.Collect$$libshutdown$$0000000F      0x080001f4   Section        2  libshutdown2.o(.ARM.Collect$$libshutdown$$0000000F)
    .ARM.Collect$$rtentry$$00000000          0x080001f6   Section        0  __rtentry.o(.ARM.Collect$$rtentry$$00000000)
    .ARM.Collect$$rtentry$$00000002          0x080001f6   Section        0  __rtentry2.o(.ARM.Collect$$rtentry$$00000002)
    .ARM.Collect$$rtentry$$00000004          0x080001f6   Section        6  __rtentry4.o(.ARM.Collect$$rtentry$$00000004)
    .ARM.Collect$$rtentry$$00000009          0x080001fc   Section        0  __rtentry2.o(.ARM.Collect$$rtentry$$00000009)
    .ARM.Collect$$rtentry$$0000000A          0x080001fc   Section        4  __rtentry2.o(.ARM.Collect$$rtentry$$0000000A)
    .ARM.Collect$$rtentry$$0000000C          0x08000200   Section        0  __rtentry2.o(.ARM.Collect$$rtentry$$0000000C)
    .ARM.Collect$$rtentry$$0000000D          0x08000200   Section        8  __rtentry2.o(.ARM.Collect$$rtentry$$0000000D)
    .ARM.Collect$$rtexit$$00000000           0x08000208   Section        2  rtexit.o(.ARM.Collect$$rtexit$$00000000)
    .ARM.Collect$$rtexit$$00000002           0x0800020a   Section        0  rtexit2.o(.ARM.Collect$$rtexit$$00000002)
    .ARM.Collect$$rtexit$$00000003           0x0800020a   Section        4  rtexit2.o(.ARM.Collect$$rtexit$$00000003)
    .ARM.Collect$$rtexit$$00000004           0x0800020e   Section        6  rtexit2.o(.ARM.Collect$$rtexit$$00000004)
    .text                                    0x08000214   Section        0  main.o(.text)
    .text                                    0x080007a8   Section        0  stm32f10x_it.o(.text)
    .text                                    0x080007c4   Section        0  system_stm32f10x.o(.text)
    SetSysClockTo72                          0x080007c5   Thumb Code   214  system_stm32f10x.o(.text)
    SetSysClock                              0x0800089b   Thumb Code     8  system_stm32f10x.o(.text)
    .text                                    0x080009a4   Section        0  delay.o(.text)
    .text                                    0x08000a78   Section        0  usart.o(.text)
    .text                                    0x08000df4   Section       64  startup_stm32f10x_hd.o(.text)
    .text                                    0x08000e34   Section        0  misc.o(.text)
    .text                                    0x08000f10   Section        0  stm32f10x_gpio.o(.text)
    .text                                    0x0800126c   Section        0  stm32f10x_rcc.o(.text)
    .text                                    0x08001610   Section        0  stm32f10x_tim.o(.text)
    TI4_Config                               0x08001ab7   Thumb Code   130  stm32f10x_tim.o(.text)
    TI3_Config                               0x08001b4b   Thumb Code   122  stm32f10x_tim.o(.text)
    TI2_Config                               0x08001bdf   Thumb Code   130  stm32f10x_tim.o(.text)
    TI1_Config                               0x08001c73   Thumb Code   108  stm32f10x_tim.o(.text)
    .text                                    0x0800242c   Section        0  stm32f10x_usart.o(.text)
    .text                                    0x08002834   Section        0  timer_encoder.o(.text)
    .text                                    0x08002a10   Section        0  pid.o(.text)
    .text                                    0x08002d10   Section        0  atimer.o(.text)
    .text                                    0x08002f18   Section        0  otimer.o(.text)
    .text                                    0x080031fc   Section        0  linefollow.o(.text)
    .text                                    0x08003404   Section        0  infrared.o(.text)
    .text                                    0x08003430   Section        0  stepmotor.o(.text)
    .text                                    0x08003530   Section        0  arm.o(.text)
    .text                                    0x08003b94   Section        0  ultrasound.o(.text)
    .text                                    0x08003e08   Section        2  use_no_semi_2.o(.text)
    .text                                    0x08003e0c   Section        0  noretval__2printf.o(.text)
    .text                                    0x08003e24   Section        0  __printf.o(.text)
    .text                                    0x08003e8c   Section        0  _printf_dec.o(.text)
    .text                                    0x08003f04   Section        0  heapauxi.o(.text)
    .text                                    0x08003f0a   Section        2  use_no_semi.o(.text)
    .text                                    0x08003f0c   Section        0  _printf_intcommon.o(.text)
    .text                                    0x08003fc0   Section        0  _printf_char_file.o(.text)
    .text                                    0x08003fe4   Section        0  _printf_char_common.o(.text)
    _printf_input_char                       0x08003fe5   Thumb Code    10  _printf_char_common.o(.text)
    .text                                    0x08004014   Section        0  ferror.o(.text)
    .text                                    0x0800401c   Section       74  sys_stackheap_outer.o(.text)
    .text                                    0x08004066   Section        0  exit.o(.text)
    .text                                    0x08004074   Section        8  libspace.o(.text)
    x$fpl$d2f                                0x0800407c   Section       98  d2f.o(x$fpl$d2f)
    x$fpl$dadd                               0x080040e0   Section      336  daddsub_clz.o(x$fpl$dadd)
    _dadd1                                   0x080040f1   Thumb Code     0  daddsub_clz.o(x$fpl$dadd)
    x$fpl$ddiv                               0x08004230   Section      688  ddiv.o(x$fpl$ddiv)
    ddiv_entry                               0x08004237   Thumb Code     0  ddiv.o(x$fpl$ddiv)
    x$fpl$dfix                               0x080044e0   Section       94  dfix.o(x$fpl$dfix)
    x$fpl$dflt                               0x0800453e   Section       46  dflt_clz.o(x$fpl$dflt)
    x$fpl$dmul                               0x0800456c   Section      340  dmul.o(x$fpl$dmul)
    x$fpl$dnaninf                            0x080046c0   Section      156  dnaninf.o(x$fpl$dnaninf)
    x$fpl$dretinf                            0x0800475c   Section       12  dretinf.o(x$fpl$dretinf)
    x$fpl$dsub                               0x08004768   Section      468  daddsub_clz.o(x$fpl$dsub)
    _dsub1                                   0x08004779   Thumb Code     0  daddsub_clz.o(x$fpl$dsub)
    x$fpl$fadd                               0x0800493c   Section      196  faddsub_clz.o(x$fpl$fadd)
    _fadd1                                   0x0800494b   Thumb Code     0  faddsub_clz.o(x$fpl$fadd)
    x$fpl$fcmpinf                            0x08004a00   Section       24  fcmpi.o(x$fpl$fcmpinf)
    x$fpl$fdiv                               0x08004a18   Section      388  fdiv.o(x$fpl$fdiv)
    _fdiv1                                   0x08004a19   Thumb Code     0  fdiv.o(x$fpl$fdiv)
    x$fpl$ffix                               0x08004b9c   Section       54  ffix.o(x$fpl$ffix)
    x$fpl$fflt                               0x08004bd4   Section       48  fflt_clz.o(x$fpl$fflt)
    x$fpl$fleqf                              0x08004c04   Section      104  fleqf.o(x$fpl$fleqf)
    x$fpl$fmul                               0x08004c6c   Section      258  fmul.o(x$fpl$fmul)
    x$fpl$fnaninf                            0x08004d6e   Section      140  fnaninf.o(x$fpl$fnaninf)
    x$fpl$fretinf                            0x08004dfa   Section       10  fretinf.o(x$fpl$fretinf)
    x$fpl$frleqf                             0x08004e04   Section       98  frleqf.o(x$fpl$frleqf)
    x$fpl$fsub                               0x08004e68   Section      234  faddsub_clz.o(x$fpl$fsub)
    _fsub1                                   0x08004e77   Thumb Code     0  faddsub_clz.o(x$fpl$fsub)
    x$fpl$usenofp                            0x08004f52   Section        0  usenofp.o(x$fpl$usenofp)
    .data                                    0x20000000   Section       32  main.o(.data)
    .data                                    0x20000020   Section       20  system_stm32f10x.o(.data)
    .data                                    0x20000034   Section        4  delay.o(.data)
    fac_us                                   0x20000034   Data           1  delay.o(.data)
    fac_ms                                   0x20000036   Data           2  delay.o(.data)
    .data                                    0x20000038   Section       14  usart.o(.data)
    .data                                    0x20000046   Section       20  stm32f10x_rcc.o(.data)
    APBAHBPrescTable                         0x20000046   Data          16  stm32f10x_rcc.o(.data)
    ADCPrescTable                            0x20000056   Data           4  stm32f10x_rcc.o(.data)
    .data                                    0x2000005c   Section        8  timer_encoder.o(.data)
    .data                                    0x20000064   Section       20  pid.o(.data)
    .data                                    0x20000078   Section       44  linefollow.o(.data)
    .data                                    0x200000a4   Section       20  stepmotor.o(.data)
    .data                                    0x200000b8   Section       24  arm.o(.data)
    .data                                    0x200000d0   Section        4  ultrasound.o(.data)
    .data                                    0x200000d4   Section      164  strategy.o(.data)
    .bss                                     0x20000178   Section      200  usart.o(.bss)
    .bss                                     0x20000240   Section       56  pid.o(.bss)
    .bss                                     0x20000278   Section       96  libspace.o(.bss)
    HEAP                                     0x200002d8   Section      512  startup_stm32f10x_hd.o(HEAP)
    Heap_Mem                                 0x200002d8   Data         512  startup_stm32f10x_hd.o(HEAP)
    STACK                                    0x200004d8   Section     1024  startup_stm32f10x_hd.o(STACK)
    Stack_Mem                                0x200004d8   Data        1024  startup_stm32f10x_hd.o(STACK)
    __initial_sp                             0x200008d8   Data           0  startup_stm32f10x_hd.o(STACK)

    Global Symbols

    Symbol Name                              Value     Ov Type        Size  Object(Section)

    BuildAttributes$$THM_ISAv4$P$D$K$B$S$PE$A:L22UL41UL21$X:L11$S22US41US21$IEEE1$IW$USESV6$~STKCKD$USESV7$~SHL$OSPACE$ROPI$EBA8$UX$STANDARDLIB$REQ8$PRES8$EABIv2 0x00000000   Number         0  anon$$obj.o ABSOLUTE
    __ARM_use_no_argv                        0x00000000   Number         0  main.o ABSOLUTE
    __ARM_exceptions_init                     - Undefined Weak Reference
    __alloca_initialize                       - Undefined Weak Reference
    __arm_preinit_                            - Undefined Weak Reference
    __cpp_initialize__aeabi_                  - Undefined Weak Reference
    __cxa_finalize                            - Undefined Weak Reference
    __rt_locale                               - Undefined Weak Reference
    __sigvec_lookup                           - Undefined Weak Reference
    _atexit_init                              - Undefined Weak Reference
    _call_atexit_fns                          - Undefined Weak Reference
    _clock_init                               - Undefined Weak Reference
    _fp_trap_init                             - Undefined Weak Reference
    _fp_trap_shutdown                         - Undefined Weak Reference
    _get_lc_collate                           - Undefined Weak Reference
    _get_lc_ctype                             - Undefined Weak Reference
    _get_lc_monetary                          - Undefined Weak Reference
    _get_lc_numeric                           - Undefined Weak Reference
    _get_lc_time                              - Undefined Weak Reference
    _getenv_init                              - Undefined Weak Reference
    _handle_redirection                       - Undefined Weak Reference
    _init_alloc                               - Undefined Weak Reference
    _init_user_alloc                          - Undefined Weak Reference
    _initio                                   - Undefined Weak Reference
    _mutex_acquire                            - Undefined Weak Reference
    _mutex_release                            - Undefined Weak Reference
    _printf_post_padding                      - Undefined Weak Reference
    _printf_pre_padding                       - Undefined Weak Reference
    _printf_truncate_signed                   - Undefined Weak Reference
    _printf_truncate_unsigned                 - Undefined Weak Reference
    _rand_init                                - Undefined Weak Reference
    _signal_finish                            - Undefined Weak Reference
    _signal_init                              - Undefined Weak Reference
    _terminate_alloc                          - Undefined Weak Reference
    _terminate_user_alloc                     - Undefined Weak Reference
    _terminateio                              - Undefined Weak Reference
    __Vectors_Size                           0x00000130   Number         0  startup_stm32f10x_hd.o ABSOLUTE
    __Vectors                                0x08000000   Data           4  startup_stm32f10x_hd.o(RESET)
    __Vectors_End                            0x08000130   Data           0  startup_stm32f10x_hd.o(RESET)
    __main                                   0x08000131   Thumb Code     8  __main.o(!!!main)
    __scatterload                            0x08000139   Thumb Code     0  __scatter.o(!!!scatter)
    __scatterload_rt2                        0x08000139   Thumb Code    44  __scatter.o(!!!scatter)
    __scatterload_rt2_thumb_only             0x08000139   Thumb Code     0  __scatter.o(!!!scatter)
    __scatterload_null                       0x08000147   Thumb Code     0  __scatter.o(!!!scatter)
    __decompress                             0x0800016d   Thumb Code    90  __dczerorl2.o(!!dczerorl2)
    __decompress1                            0x0800016d   Thumb Code     0  __dczerorl2.o(!!dczerorl2)
    __scatterload_zeroinit                   0x080001c9   Thumb Code    28  __scatter_zi.o(!!handler_zi)
    _printf_d                                0x080001e5   Thumb Code     0  _printf_d.o(.ARM.Collect$$_printf_percent$$00000009)
    _printf_percent                          0x080001e5   Thumb Code     0  _printf_percent.o(.ARM.Collect$$_printf_percent$$00000000)
    _printf_percent_end                      0x080001eb   Thumb Code     0  _printf_percent_end.o(.ARM.Collect$$_printf_percent$$00000017)
    __rt_lib_init                            0x080001ef   Thumb Code     0  libinit.o(.ARM.Collect$$libinit$$00000000)
    __rt_lib_init_alloca_1                   0x080001f1   Thumb Code     0  libinit2.o(.ARM.Collect$$libinit$$0000002E)
    __rt_lib_init_argv_1                     0x080001f1   Thumb Code     0  libinit2.o(.ARM.Collect$$libinit$$0000002C)
    __rt_lib_init_atexit_1                   0x080001f1   Thumb Code     0  libinit2.o(.ARM.Collect$$libinit$$0000001B)
    __rt_lib_init_clock_1                    0x080001f1   Thumb Code     0  libinit2.o(.ARM.Collect$$libinit$$00000021)
    __rt_lib_init_cpp_1                      0x080001f1   Thumb Code     0  libinit2.o(.ARM.Collect$$libinit$$00000032)
    __rt_lib_init_exceptions_1               0x080001f1   Thumb Code     0  libinit2.o(.ARM.Collect$$libinit$$00000030)
    __rt_lib_init_fp_1                       0x080001f1   Thumb Code     0  libinit2.o(.ARM.Collect$$libinit$$00000002)
    __rt_lib_init_fp_trap_1                  0x080001f1   Thumb Code     0  libinit2.o(.ARM.Collect$$libinit$$0000001F)
    __rt_lib_init_getenv_1                   0x080001f1   Thumb Code     0  libinit2.o(.ARM.Collect$$libinit$$00000023)
    __rt_lib_init_heap_1                     0x080001f1   Thumb Code     0  libinit2.o(.ARM.Collect$$libinit$$0000000A)
    __rt_lib_init_lc_collate_1               0x080001f1   Thumb Code     0  libinit2.o(.ARM.Collect$$libinit$$00000011)
    __rt_lib_init_lc_ctype_1                 0x080001f1   Thumb Code     0  libinit2.o(.ARM.Collect$$libinit$$00000013)
    __rt_lib_init_lc_monetary_1              0x080001f1   Thumb Code     0  libinit2.o(.ARM.Collect$$libinit$$00000015)
    __rt_lib_init_lc_numeric_1               0x080001f1   Thumb Code     0  libinit2.o(.ARM.Collect$$libinit$$00000017)
    __rt_lib_init_lc_time_1                  0x080001f1   Thumb Code     0  libinit2.o(.ARM.Collect$$libinit$$00000019)
    __rt_lib_init_preinit_1                  0x080001f1   Thumb Code     0  libinit2.o(.ARM.Collect$$libinit$$00000004)
    __rt_lib_init_rand_1                     0x080001f1   Thumb Code     0  libinit2.o(.ARM.Collect$$libinit$$0000000E)
    __rt_lib_init_return                     0x080001f1   Thumb Code     0  libinit2.o(.ARM.Collect$$libinit$$00000033)
    __rt_lib_init_signal_1                   0x080001f1   Thumb Code     0  libinit2.o(.ARM.Collect$$libinit$$0000001D)
    __rt_lib_init_stdio_1                    0x080001f1   Thumb Code     0  libinit2.o(.ARM.Collect$$libinit$$00000025)
    __rt_lib_init_user_alloc_1               0x080001f1   Thumb Code     0  libinit2.o(.ARM.Collect$$libinit$$0000000C)
    __rt_lib_shutdown                        0x080001f3   Thumb Code     0  libshutdown.o(.ARM.Collect$$libshutdown$$00000000)
    __rt_lib_shutdown_fp_trap_1              0x080001f5   Thumb Code     0  libshutdown2.o(.ARM.Collect$$libshutdown$$00000006)
    __rt_lib_shutdown_heap_1                 0x080001f5   Thumb Code     0  libshutdown2.o(.ARM.Collect$$libshutdown$$0000000E)
    __rt_lib_shutdown_return                 0x080001f5   Thumb Code     0  libshutdown2.o(.ARM.Collect$$libshutdown$$0000000F)
    __rt_lib_shutdown_signal_1               0x080001f5   Thumb Code     0  libshutdown2.o(.ARM.Collect$$libshutdown$$00000009)
    __rt_lib_shutdown_stdio_1                0x080001f5   Thumb Code     0  libshutdown2.o(.ARM.Collect$$libshutdown$$00000003)
    __rt_lib_shutdown_user_alloc_1           0x080001f5   Thumb Code     0  libshutdown2.o(.ARM.Collect$$libshutdown$$0000000B)
    __rt_entry                               0x080001f7   Thumb Code     0  __rtentry.o(.ARM.Collect$$rtentry$$00000000)
    __rt_entry_presh_1                       0x080001f7   Thumb Code     0  __rtentry2.o(.ARM.Collect$$rtentry$$00000002)
    __rt_entry_sh                            0x080001f7   Thumb Code     0  __rtentry4.o(.ARM.Collect$$rtentry$$00000004)
    __rt_entry_li                            0x080001fd   Thumb Code     0  __rtentry2.o(.ARM.Collect$$rtentry$$0000000A)
    __rt_entry_postsh_1                      0x080001fd   Thumb Code     0  __rtentry2.o(.ARM.Collect$$rtentry$$00000009)
    __rt_entry_main                          0x08000201   Thumb Code     0  __rtentry2.o(.ARM.Collect$$rtentry$$0000000D)
    __rt_entry_postli_1                      0x08000201   Thumb Code     0  __rtentry2.o(.ARM.Collect$$rtentry$$0000000C)
    __rt_exit                                0x08000209   Thumb Code     0  rtexit.o(.ARM.Collect$$rtexit$$00000000)
    __rt_exit_ls                             0x0800020b   Thumb Code     0  rtexit2.o(.ARM.Collect$$rtexit$$00000003)
    __rt_exit_prels_1                        0x0800020b   Thumb Code     0  rtexit2.o(.ARM.Collect$$rtexit$$00000002)
    __rt_exit_exit                           0x0800020f   Thumb Code     0  rtexit2.o(.ARM.Collect$$rtexit$$00000004)
    main                                     0x08000215   Thumb Code  1400  main.o(.text)
    NMI_Handler                              0x080007a9   Thumb Code     2  stm32f10x_it.o(.text)
    HardFault_Handler                        0x080007ab   Thumb Code     4  stm32f10x_it.o(.text)
    MemManage_Handler                        0x080007af   Thumb Code     4  stm32f10x_it.o(.text)
    BusFault_Handler                         0x080007b3   Thumb Code     4  stm32f10x_it.o(.text)
    UsageFault_Handler                       0x080007b7   Thumb Code     4  stm32f10x_it.o(.text)
    SVC_Handler                              0x080007bb   Thumb Code     2  stm32f10x_it.o(.text)
    DebugMon_Handler                         0x080007bd   Thumb Code     2  stm32f10x_it.o(.text)
    PendSV_Handler                           0x080007bf   Thumb Code     2  stm32f10x_it.o(.text)
    SysTick_Handler                          0x080007c1   Thumb Code     2  stm32f10x_it.o(.text)
    SystemInit                               0x080008a3   Thumb Code    78  system_stm32f10x.o(.text)
    SystemCoreClockUpdate                    0x080008f1   Thumb Code   142  system_stm32f10x.o(.text)
    delay_init                               0x080009a5   Thumb Code    50  delay.o(.text)
    delay_us                                 0x080009d7   Thumb Code    72  delay.o(.text)
    delay_ms                                 0x08000a1f   Thumb Code    72  delay.o(.text)
    _sys_exit                                0x08000a79   Thumb Code     6  usart.o(.text)
    fputc                                    0x08000a7f   Thumb Code    24  usart.o(.text)
    uart_init                                0x08000a97   Thumb Code   152  usart.o(.text)
    USART1_IRQHandler                        0x08000b2f   Thumb Code   626  usart.o(.text)
    Reset_Handler                            0x08000df5   Thumb Code     8  startup_stm32f10x_hd.o(.text)
    ADC1_2_IRQHandler                        0x08000e0f   Thumb Code     0  startup_stm32f10x_hd.o(.text)
    ADC3_IRQHandler                          0x08000e0f   Thumb Code     0  startup_stm32f10x_hd.o(.text)
    CAN1_RX1_IRQHandler                      0x08000e0f   Thumb Code     0  startup_stm32f10x_hd.o(.text)
    CAN1_SCE_IRQHandler                      0x08000e0f   Thumb Code     0  startup_stm32f10x_hd.o(.text)
    DMA1_Channel1_IRQHandler                 0x08000e0f   Thumb Code     0  startup_stm32f10x_hd.o(.text)
    DMA1_Channel2_IRQHandler                 0x08000e0f   Thumb Code     0  startup_stm32f10x_hd.o(.text)
    DMA1_Channel3_IRQHandler                 0x08000e0f   Thumb Code     0  startup_stm32f10x_hd.o(.text)
    DMA1_Channel4_IRQHandler                 0x08000e0f   Thumb Code     0  startup_stm32f10x_hd.o(.text)
    DMA1_Channel5_IRQHandler                 0x08000e0f   Thumb Code     0  startup_stm32f10x_hd.o(.text)
    DMA1_Channel6_IRQHandler                 0x08000e0f   Thumb Code     0  startup_stm32f10x_hd.o(.text)
    DMA1_Channel7_IRQHandler                 0x08000e0f   Thumb Code     0  startup_stm32f10x_hd.o(.text)
    DMA2_Channel1_IRQHandler                 0x08000e0f   Thumb Code     0  startup_stm32f10x_hd.o(.text)
    DMA2_Channel2_IRQHandler                 0x08000e0f   Thumb Code     0  startup_stm32f10x_hd.o(.text)
    DMA2_Channel3_IRQHandler                 0x08000e0f   Thumb Code     0  startup_stm32f10x_hd.o(.text)
    DMA2_Channel4_5_IRQHandler               0x08000e0f   Thumb Code     0  startup_stm32f10x_hd.o(.text)
    EXTI0_IRQHandler                         0x08000e0f   Thumb Code     0  startup_stm32f10x_hd.o(.text)
    EXTI15_10_IRQHandler                     0x08000e0f   Thumb Code     0  startup_stm32f10x_hd.o(.text)
    EXTI1_IRQHandler                         0x08000e0f   Thumb Code     0  startup_stm32f10x_hd.o(.text)
    EXTI2_IRQHandler                         0x08000e0f   Thumb Code     0  startup_stm32f10x_hd.o(.text)
    EXTI3_IRQHandler                         0x08000e0f   Thumb Code     0  startup_stm32f10x_hd.o(.text)
    EXTI4_IRQHandler                         0x08000e0f   Thumb Code     0  startup_stm32f10x_hd.o(.text)
    EXTI9_5_IRQHandler                       0x08000e0f   Thumb Code     0  startup_stm32f10x_hd.o(.text)
    FLASH_IRQHandler                         0x08000e0f   Thumb Code     0  startup_stm32f10x_hd.o(.text)
    FSMC_IRQHandler                          0x08000e0f   Thumb Code     0  startup_stm32f10x_hd.o(.text)
    I2C1_ER_IRQHandler                       0x08000e0f   Thumb Code     0  startup_stm32f10x_hd.o(.text)
    I2C1_EV_IRQHandler                       0x08000e0f   Thumb Code     0  startup_stm32f10x_hd.o(.text)
    I2C2_ER_IRQHandler                       0x08000e0f   Thumb Code     0  startup_stm32f10x_hd.o(.text)
    I2C2_EV_IRQHandler                       0x08000e0f   Thumb Code     0  startup_stm32f10x_hd.o(.text)
    PVD_IRQHandler                           0x08000e0f   Thumb Code     0  startup_stm32f10x_hd.o(.text)
    RCC_IRQHandler                           0x08000e0f   Thumb Code     0  startup_stm32f10x_hd.o(.text)
    RTCAlarm_IRQHandler                      0x08000e0f   Thumb Code     0  startup_stm32f10x_hd.o(.text)
    RTC_IRQHandler                           0x08000e0f   Thumb Code     0  startup_stm32f10x_hd.o(.text)
    SDIO_IRQHandler                          0x08000e0f   Thumb Code     0  startup_stm32f10x_hd.o(.text)
    SPI1_IRQHandler                          0x08000e0f   Thumb Code     0  startup_stm32f10x_hd.o(.text)
    SPI2_IRQHandler                          0x08000e0f   Thumb Code     0  startup_stm32f10x_hd.o(.text)
    SPI3_IRQHandler                          0x08000e0f   Thumb Code     0  startup_stm32f10x_hd.o(.text)
    TAMPER_IRQHandler                        0x08000e0f   Thumb Code     0  startup_stm32f10x_hd.o(.text)
    TIM1_BRK_IRQHandler                      0x08000e0f   Thumb Code     0  startup_stm32f10x_hd.o(.text)
    TIM1_CC_IRQHandler                       0x08000e0f   Thumb Code     0  startup_stm32f10x_hd.o(.text)
    TIM1_TRG_COM_IRQHandler                  0x08000e0f   Thumb Code     0  startup_stm32f10x_hd.o(.text)
    TIM1_UP_IRQHandler                       0x08000e0f   Thumb Code     0  startup_stm32f10x_hd.o(.text)
    TIM5_IRQHandler                          0x08000e0f   Thumb Code     0  startup_stm32f10x_hd.o(.text)
    TIM8_BRK_IRQHandler                      0x08000e0f   Thumb Code     0  startup_stm32f10x_hd.o(.text)
    TIM8_CC_IRQHandler                       0x08000e0f   Thumb Code     0  startup_stm32f10x_hd.o(.text)
    TIM8_TRG_COM_IRQHandler                  0x08000e0f   Thumb Code     0  startup_stm32f10x_hd.o(.text)
    TIM8_UP_IRQHandler                       0x08000e0f   Thumb Code     0  startup_stm32f10x_hd.o(.text)
    UART4_IRQHandler                         0x08000e0f   Thumb Code     0  startup_stm32f10x_hd.o(.text)
    UART5_IRQHandler                         0x08000e0f   Thumb Code     0  startup_stm32f10x_hd.o(.text)
    USART2_IRQHandler                        0x08000e0f   Thumb Code     0  startup_stm32f10x_hd.o(.text)
    USART3_IRQHandler                        0x08000e0f   Thumb Code     0  startup_stm32f10x_hd.o(.text)
    USBWakeUp_IRQHandler                     0x08000e0f   Thumb Code     0  startup_stm32f10x_hd.o(.text)
    USB_HP_CAN1_TX_IRQHandler                0x08000e0f   Thumb Code     0  startup_stm32f10x_hd.o(.text)
    USB_LP_CAN1_RX0_IRQHandler               0x08000e0f   Thumb Code     0  startup_stm32f10x_hd.o(.text)
    WWDG_IRQHandler                          0x08000e0f   Thumb Code     0  startup_stm32f10x_hd.o(.text)
    __user_initial_stackheap                 0x08000e11   Thumb Code     0  startup_stm32f10x_hd.o(.text)
    NVIC_PriorityGroupConfig                 0x08000e35   Thumb Code    10  misc.o(.text)
    NVIC_Init                                0x08000e3f   Thumb Code   100  misc.o(.text)
    NVIC_SetVectorTable                      0x08000ea3   Thumb Code    14  misc.o(.text)
    NVIC_SystemLPConfig                      0x08000eb1   Thumb Code    34  misc.o(.text)
    SysTick_CLKSourceConfig                  0x08000ed3   Thumb Code    40  misc.o(.text)
    GPIO_DeInit                              0x08000f11   Thumb Code   172  stm32f10x_gpio.o(.text)
    GPIO_AFIODeInit                          0x08000fbd   Thumb Code    20  stm32f10x_gpio.o(.text)
    GPIO_Init                                0x08000fd1   Thumb Code   278  stm32f10x_gpio.o(.text)
    GPIO_StructInit                          0x080010e7   Thumb Code    16  stm32f10x_gpio.o(.text)
    GPIO_ReadInputDataBit                    0x080010f7   Thumb Code    18  stm32f10x_gpio.o(.text)
    GPIO_ReadInputData                       0x08001109   Thumb Code     8  stm32f10x_gpio.o(.text)
    GPIO_ReadOutputDataBit                   0x08001111   Thumb Code    18  stm32f10x_gpio.o(.text)
    GPIO_ReadOutputData                      0x08001123   Thumb Code     8  stm32f10x_gpio.o(.text)
    GPIO_SetBits                             0x0800112b   Thumb Code     4  stm32f10x_gpio.o(.text)
    GPIO_ResetBits                           0x0800112f   Thumb Code     4  stm32f10x_gpio.o(.text)
    GPIO_WriteBit                            0x08001133   Thumb Code    10  stm32f10x_gpio.o(.text)
    GPIO_Write                               0x0800113d   Thumb Code     4  stm32f10x_gpio.o(.text)
    GPIO_PinLockConfig                       0x08001141   Thumb Code    18  stm32f10x_gpio.o(.text)
    GPIO_EventOutputConfig                   0x08001153   Thumb Code    26  stm32f10x_gpio.o(.text)
    GPIO_EventOutputCmd                      0x0800116d   Thumb Code     6  stm32f10x_gpio.o(.text)
    GPIO_PinRemapConfig                      0x08001173   Thumb Code   138  stm32f10x_gpio.o(.text)
    GPIO_EXTILineConfig                      0x080011fd   Thumb Code    66  stm32f10x_gpio.o(.text)
    GPIO_ETH_MediaInterfaceConfig            0x0800123f   Thumb Code     8  stm32f10x_gpio.o(.text)
    RCC_DeInit                               0x0800126d   Thumb Code    64  stm32f10x_rcc.o(.text)
    RCC_HSEConfig                            0x080012ad   Thumb Code    70  stm32f10x_rcc.o(.text)
    RCC_GetFlagStatus                        0x080012f3   Thumb Code    56  stm32f10x_rcc.o(.text)
    RCC_WaitForHSEStartUp                    0x0800132b   Thumb Code    56  stm32f10x_rcc.o(.text)
    RCC_AdjustHSICalibrationValue            0x08001363   Thumb Code    20  stm32f10x_rcc.o(.text)
    RCC_HSICmd                               0x08001377   Thumb Code     6  stm32f10x_rcc.o(.text)
    RCC_PLLConfig                            0x0800137d   Thumb Code    24  stm32f10x_rcc.o(.text)
    RCC_PLLCmd                               0x08001395   Thumb Code     6  stm32f10x_rcc.o(.text)
    RCC_SYSCLKConfig                         0x0800139b   Thumb Code    18  stm32f10x_rcc.o(.text)
    RCC_GetSYSCLKSource                      0x080013ad   Thumb Code    10  stm32f10x_rcc.o(.text)
    RCC_HCLKConfig                           0x080013b7   Thumb Code    18  stm32f10x_rcc.o(.text)
    RCC_PCLK1Config                          0x080013c9   Thumb Code    18  stm32f10x_rcc.o(.text)
    RCC_PCLK2Config                          0x080013db   Thumb Code    20  stm32f10x_rcc.o(.text)
    RCC_ITConfig                             0x080013ef   Thumb Code    26  stm32f10x_rcc.o(.text)
    RCC_USBCLKConfig                         0x08001409   Thumb Code     8  stm32f10x_rcc.o(.text)
    RCC_ADCCLKConfig                         0x08001411   Thumb Code    18  stm32f10x_rcc.o(.text)
    RCC_LSEConfig                            0x08001423   Thumb Code    50  stm32f10x_rcc.o(.text)
    RCC_LSICmd                               0x08001455   Thumb Code     6  stm32f10x_rcc.o(.text)
    RCC_RTCCLKConfig                         0x0800145b   Thumb Code    12  stm32f10x_rcc.o(.text)
    RCC_RTCCLKCmd                            0x08001467   Thumb Code     8  stm32f10x_rcc.o(.text)
    RCC_GetClocksFreq                        0x0800146f   Thumb Code   192  stm32f10x_rcc.o(.text)
    RCC_AHBPeriphClockCmd                    0x0800152f   Thumb Code    26  stm32f10x_rcc.o(.text)
    RCC_APB2PeriphClockCmd                   0x08001549   Thumb Code    26  stm32f10x_rcc.o(.text)
    RCC_APB1PeriphClockCmd                   0x08001563   Thumb Code    26  stm32f10x_rcc.o(.text)
    RCC_APB2PeriphResetCmd                   0x0800157d   Thumb Code    26  stm32f10x_rcc.o(.text)
    RCC_APB1PeriphResetCmd                   0x08001597   Thumb Code    26  stm32f10x_rcc.o(.text)
    RCC_BackupResetCmd                       0x080015b1   Thumb Code     8  stm32f10x_rcc.o(.text)
    RCC_ClockSecuritySystemCmd               0x080015b9   Thumb Code     6  stm32f10x_rcc.o(.text)
    RCC_MCOConfig                            0x080015bf   Thumb Code     6  stm32f10x_rcc.o(.text)
    RCC_ClearFlag                            0x080015c5   Thumb Code    14  stm32f10x_rcc.o(.text)
    RCC_GetITStatus                          0x080015d3   Thumb Code    20  stm32f10x_rcc.o(.text)
    RCC_ClearITPendingBit                    0x080015e7   Thumb Code     6  stm32f10x_rcc.o(.text)
    TIM_DeInit                               0x08001611   Thumb Code   424  stm32f10x_tim.o(.text)
    TIM_TimeBaseInit                         0x080017b9   Thumb Code   122  stm32f10x_tim.o(.text)
    TIM_OC1Init                              0x08001833   Thumb Code   132  stm32f10x_tim.o(.text)
    TIM_OC2Init                              0x080018b7   Thumb Code   154  stm32f10x_tim.o(.text)
    TIM_OC3Init                              0x08001951   Thumb Code   150  stm32f10x_tim.o(.text)
    TIM_OC4Init                              0x080019e7   Thumb Code   182  stm32f10x_tim.o(.text)
    TIM_SetIC4Prescaler                      0x08001a9d   Thumb Code    26  stm32f10x_tim.o(.text)
    TIM_SetIC3Prescaler                      0x08001b39   Thumb Code    18  stm32f10x_tim.o(.text)
    TIM_SetIC2Prescaler                      0x08001bc5   Thumb Code    26  stm32f10x_tim.o(.text)
    TIM_SetIC1Prescaler                      0x08001c61   Thumb Code    18  stm32f10x_tim.o(.text)
    TIM_ICInit                               0x08001cdf   Thumb Code   150  stm32f10x_tim.o(.text)
    TIM_PWMIConfig                           0x08001d75   Thumb Code   124  stm32f10x_tim.o(.text)
    TIM_BDTRConfig                           0x08001df1   Thumb Code    32  stm32f10x_tim.o(.text)
    TIM_TimeBaseStructInit                   0x08001e11   Thumb Code    18  stm32f10x_tim.o(.text)
    TIM_OCStructInit                         0x08001e23   Thumb Code    20  stm32f10x_tim.o(.text)
    TIM_ICStructInit                         0x08001e37   Thumb Code    18  stm32f10x_tim.o(.text)
    TIM_BDTRStructInit                       0x08001e49   Thumb Code    40  stm32f10x_tim.o(.text)
    TIM_Cmd                                  0x08001e71   Thumb Code    24  stm32f10x_tim.o(.text)
    TIM_CtrlPWMOutputs                       0x08001e89   Thumb Code    30  stm32f10x_tim.o(.text)
    TIM_ITConfig                             0x08001ea7   Thumb Code    18  stm32f10x_tim.o(.text)
    TIM_GenerateEvent                        0x08001eb9   Thumb Code     4  stm32f10x_tim.o(.text)
    TIM_DMAConfig                            0x08001ebd   Thumb Code    10  stm32f10x_tim.o(.text)
    TIM_DMACmd                               0x08001ec7   Thumb Code    18  stm32f10x_tim.o(.text)
    TIM_InternalClockConfig                  0x08001ed9   Thumb Code    12  stm32f10x_tim.o(.text)
    TIM_SelectInputTrigger                   0x08001ee5   Thumb Code    18  stm32f10x_tim.o(.text)
    TIM_ITRxExternalClockConfig              0x08001ef7   Thumb Code    24  stm32f10x_tim.o(.text)
    TIM_TIxExternalClockConfig               0x08001f0f   Thumb Code    62  stm32f10x_tim.o(.text)
    TIM_ETRConfig                            0x08001f4d   Thumb Code    28  stm32f10x_tim.o(.text)
    TIM_ETRClockMode1Config                  0x08001f69   Thumb Code    54  stm32f10x_tim.o(.text)
    TIM_ETRClockMode2Config                  0x08001f9f   Thumb Code    32  stm32f10x_tim.o(.text)
    TIM_PrescalerConfig                      0x08001fbf   Thumb Code     6  stm32f10x_tim.o(.text)
    TIM_CounterModeConfig                    0x08001fc5   Thumb Code    18  stm32f10x_tim.o(.text)
    TIM_EncoderInterfaceConfig               0x08001fd7   Thumb Code    66  stm32f10x_tim.o(.text)
    TIM_ForcedOC1Config                      0x08002019   Thumb Code    18  stm32f10x_tim.o(.text)
    TIM_ForcedOC2Config                      0x0800202b   Thumb Code    26  stm32f10x_tim.o(.text)
    TIM_ForcedOC3Config                      0x08002045   Thumb Code    18  stm32f10x_tim.o(.text)
    TIM_ForcedOC4Config                      0x08002057   Thumb Code    26  stm32f10x_tim.o(.text)
    TIM_ARRPreloadConfig                     0x08002071   Thumb Code    24  stm32f10x_tim.o(.text)
    TIM_SelectCOM                            0x08002089   Thumb Code    24  stm32f10x_tim.o(.text)
    TIM_SelectCCDMA                          0x080020a1   Thumb Code    24  stm32f10x_tim.o(.text)
    TIM_CCPreloadControl                     0x080020b9   Thumb Code    24  stm32f10x_tim.o(.text)
    TIM_OC1PreloadConfig                     0x080020d1   Thumb Code    18  stm32f10x_tim.o(.text)
    TIM_OC2PreloadConfig                     0x080020e3   Thumb Code    26  stm32f10x_tim.o(.text)
    TIM_OC3PreloadConfig                     0x080020fd   Thumb Code    18  stm32f10x_tim.o(.text)
    TIM_OC4PreloadConfig                     0x0800210f   Thumb Code    26  stm32f10x_tim.o(.text)
    TIM_OC1FastConfig                        0x08002129   Thumb Code    18  stm32f10x_tim.o(.text)
    TIM_OC2FastConfig                        0x0800213b   Thumb Code    26  stm32f10x_tim.o(.text)
    TIM_OC3FastConfig                        0x08002155   Thumb Code    18  stm32f10x_tim.o(.text)
    TIM_OC4FastConfig                        0x08002167   Thumb Code    26  stm32f10x_tim.o(.text)
    TIM_ClearOC1Ref                          0x08002181   Thumb Code    18  stm32f10x_tim.o(.text)
    TIM_ClearOC2Ref                          0x08002193   Thumb Code    24  stm32f10x_tim.o(.text)
    TIM_ClearOC3Ref                          0x080021ab   Thumb Code    18  stm32f10x_tim.o(.text)
    TIM_ClearOC4Ref                          0x080021bd   Thumb Code    24  stm32f10x_tim.o(.text)
    TIM_OC1PolarityConfig                    0x080021d5   Thumb Code    18  stm32f10x_tim.o(.text)
    TIM_OC1NPolarityConfig                   0x080021e7   Thumb Code    18  stm32f10x_tim.o(.text)
    TIM_OC2PolarityConfig                    0x080021f9   Thumb Code    26  stm32f10x_tim.o(.text)
    TIM_OC2NPolarityConfig                   0x08002213   Thumb Code    26  stm32f10x_tim.o(.text)
    TIM_OC3PolarityConfig                    0x0800222d   Thumb Code    26  stm32f10x_tim.o(.text)
    TIM_OC3NPolarityConfig                   0x08002247   Thumb Code    26  stm32f10x_tim.o(.text)
    TIM_OC4PolarityConfig                    0x08002261   Thumb Code    26  stm32f10x_tim.o(.text)
    TIM_CCxCmd                               0x0800227b   Thumb Code    30  stm32f10x_tim.o(.text)
    TIM_CCxNCmd                              0x08002299   Thumb Code    30  stm32f10x_tim.o(.text)
    TIM_SelectOCxM                           0x080022b7   Thumb Code    82  stm32f10x_tim.o(.text)
    TIM_UpdateDisableConfig                  0x08002309   Thumb Code    24  stm32f10x_tim.o(.text)
    TIM_UpdateRequestConfig                  0x08002321   Thumb Code    24  stm32f10x_tim.o(.text)
    TIM_SelectHallSensor                     0x08002339   Thumb Code    24  stm32f10x_tim.o(.text)
    TIM_SelectOnePulseMode                   0x08002351   Thumb Code    18  stm32f10x_tim.o(.text)
    TIM_SelectOutputTrigger                  0x08002363   Thumb Code    18  stm32f10x_tim.o(.text)
    TIM_SelectSlaveMode                      0x08002375   Thumb Code    18  stm32f10x_tim.o(.text)
    TIM_SelectMasterSlaveMode                0x08002387   Thumb Code    18  stm32f10x_tim.o(.text)
    TIM_SetCounter                           0x08002399   Thumb Code     4  stm32f10x_tim.o(.text)
    TIM_SetAutoreload                        0x0800239d   Thumb Code     4  stm32f10x_tim.o(.text)
    TIM_SetCompare1                          0x080023a1   Thumb Code     4  stm32f10x_tim.o(.text)
    TIM_SetCompare2                          0x080023a5   Thumb Code     4  stm32f10x_tim.o(.text)
    TIM_SetCompare3                          0x080023a9   Thumb Code     4  stm32f10x_tim.o(.text)
    TIM_SetCompare4                          0x080023ad   Thumb Code     6  stm32f10x_tim.o(.text)
    TIM_SetClockDivision                     0x080023b3   Thumb Code    18  stm32f10x_tim.o(.text)
    TIM_GetCapture1                          0x080023c5   Thumb Code     6  stm32f10x_tim.o(.text)
    TIM_GetCapture2                          0x080023cb   Thumb Code     6  stm32f10x_tim.o(.text)
    TIM_GetCapture3                          0x080023d1   Thumb Code     6  stm32f10x_tim.o(.text)
    TIM_GetCapture4                          0x080023d7   Thumb Code     8  stm32f10x_tim.o(.text)
    TIM_GetCounter                           0x080023df   Thumb Code     6  stm32f10x_tim.o(.text)
    TIM_GetPrescaler                         0x080023e5   Thumb Code     6  stm32f10x_tim.o(.text)
    TIM_GetFlagStatus                        0x080023eb   Thumb Code    18  stm32f10x_tim.o(.text)
    TIM_ClearFlag                            0x080023fd   Thumb Code     6  stm32f10x_tim.o(.text)
    TIM_GetITStatus                          0x08002403   Thumb Code    34  stm32f10x_tim.o(.text)
    TIM_ClearITPendingBit                    0x08002425   Thumb Code     6  stm32f10x_tim.o(.text)
    USART_DeInit                             0x0800242d   Thumb Code   134  stm32f10x_usart.o(.text)
    USART_Init                               0x080024b3   Thumb Code   210  stm32f10x_usart.o(.text)
    USART_StructInit                         0x08002585   Thumb Code    24  stm32f10x_usart.o(.text)
    USART_ClockInit                          0x0800259d   Thumb Code    34  stm32f10x_usart.o(.text)
    USART_ClockStructInit                    0x080025bf   Thumb Code    12  stm32f10x_usart.o(.text)
    USART_Cmd                                0x080025cb   Thumb Code    24  stm32f10x_usart.o(.text)
    USART_ITConfig                           0x080025e3   Thumb Code    74  stm32f10x_usart.o(.text)
    USART_DMACmd                             0x0800262d   Thumb Code    18  stm32f10x_usart.o(.text)
    USART_SetAddress                         0x0800263f   Thumb Code    18  stm32f10x_usart.o(.text)
    USART_WakeUpConfig                       0x08002651   Thumb Code    18  stm32f10x_usart.o(.text)
    USART_ReceiverWakeUpCmd                  0x08002663   Thumb Code    24  stm32f10x_usart.o(.text)
    USART_LINBreakDetectLengthConfig         0x0800267b   Thumb Code    18  stm32f10x_usart.o(.text)
    USART_LINCmd                             0x0800268d   Thumb Code    24  stm32f10x_usart.o(.text)
    USART_SendData                           0x080026a5   Thumb Code     8  stm32f10x_usart.o(.text)
    USART_ReceiveData                        0x080026ad   Thumb Code    10  stm32f10x_usart.o(.text)
    USART_SendBreak                          0x080026b7   Thumb Code    10  stm32f10x_usart.o(.text)
    USART_SetGuardTime                       0x080026c1   Thumb Code    16  stm32f10x_usart.o(.text)
    USART_SetPrescaler                       0x080026d1   Thumb Code    16  stm32f10x_usart.o(.text)
    USART_SmartCardCmd                       0x080026e1   Thumb Code    24  stm32f10x_usart.o(.text)
    USART_SmartCardNACKCmd                   0x080026f9   Thumb Code    24  stm32f10x_usart.o(.text)
    USART_HalfDuplexCmd                      0x08002711   Thumb Code    24  stm32f10x_usart.o(.text)
    USART_OverSampling8Cmd                   0x08002729   Thumb Code    22  stm32f10x_usart.o(.text)
    USART_OneBitMethodCmd                    0x0800273f   Thumb Code    24  stm32f10x_usart.o(.text)
    USART_IrDAConfig                         0x08002757   Thumb Code    18  stm32f10x_usart.o(.text)
    USART_IrDACmd                            0x08002769   Thumb Code    24  stm32f10x_usart.o(.text)
    USART_GetFlagStatus                      0x08002781   Thumb Code    26  stm32f10x_usart.o(.text)
    USART_ClearFlag                          0x0800279b   Thumb Code    18  stm32f10x_usart.o(.text)
    USART_GetITStatus                        0x080027ad   Thumb Code    84  stm32f10x_usart.o(.text)
    USART_ClearITPendingBit                  0x08002801   Thumb Code    52  stm32f10x_usart.o(.text)
    Encoder_Init_TIM24                       0x08002835   Thumb Code   324  timer_encoder.o(.text)
    Read_Encoder                             0x08002979   Thumb Code    36  timer_encoder.o(.text)
    Get_Direction                            0x0800299d   Thumb Code    26  timer_encoder.o(.text)
    TIM2_IRQHandler                          0x080029b7   Thumb Code    28  timer_encoder.o(.text)
    TIM4_IRQHandler                          0x080029d3   Thumb Code    28  timer_encoder.o(.text)
    incPIDcalc                               0x08002a11   Thumb Code   114  pid.o(.text)
    PID_setpoint                             0x08002a83   Thumb Code     4  pid.o(.text)
    PIDperiodinit                            0x08002a87   Thumb Code     2  pid.o(.text)
    incPIDinit                               0x08002a89   Thumb Code    10  pid.o(.text)
    PID_set                                  0x08002a93   Thumb Code     8  pid.o(.text)
    PID_init                                 0x08002a9b   Thumb Code    62  pid.o(.text)
    releasebrake                             0x08002ad9   Thumb Code    14  pid.o(.text)
    brake                                    0x08002ae7   Thumb Code    56  pid.o(.text)
    clockwise                                0x08002b1f   Thumb Code   132  pid.o(.text)
    counterclockwise                         0x08002ba3   Thumb Code   126  pid.o(.text)
    reverse                                  0x08002c21   Thumb Code   128  pid.o(.text)
    Setpwm                                   0x08002ca1   Thumb Code    44  pid.o(.text)
    PWM_Configuration                        0x08002d11   Thumb Code   492  atimer.o(.text)
    OrdinaryTimerInit6                       0x08002f19   Thumb Code    88  otimer.o(.text)
    OrdinaryTimerInit7                       0x08002f71   Thumb Code    90  otimer.o(.text)
    TIM6_IRQHandler                          0x08002fcb   Thumb Code   472  otimer.o(.text)
    TIM7_IRQHandler                          0x080031a3   Thumb Code    26  otimer.o(.text)
    motor_control                            0x080031fd   Thumb Code   102  linefollow.o(.text)
    calculate_pid                            0x08003263   Thumb Code   178  linefollow.o(.text)
    read_ir_values                           0x08003315   Thumb Code   142  linefollow.o(.text)
    linefollowloop                           0x080033a3   Thumb Code    16  linefollow.o(.text)
    resetPIDline                             0x080033b3   Thumb Code    28  linefollow.o(.text)
    infrared_init                            0x08003405   Thumb Code    38  infrared.o(.text)
    Delay_xms                                0x08003431   Thumb Code    22  stepmotor.o(.text)
    MotorStop                                0x08003447   Thumb Code    12  stepmotor.o(.text)
    Motorcw                                  0x08003453   Thumb Code    34  stepmotor.o(.text)
    Motorccw                                 0x08003475   Thumb Code    34  stepmotor.o(.text)
    elevate                                  0x08003497   Thumb Code    88  stepmotor.o(.text)
    Stepmotor_Init                           0x080034ef   Thumb Code    50  stepmotor.o(.text)
    Armmove                                  0x08003531   Thumb Code    80  arm.o(.text)
    Pillar_up                                0x08003581   Thumb Code    40  arm.o(.text)
    Pillar_start                             0x080035a9   Thumb Code    14  arm.o(.text)
    Pillar_reset                             0x080035b7   Thumb Code    14  arm.o(.text)
    Arminit                                  0x080035c5   Thumb Code   178  arm.o(.text)
    ResetArm                                 0x08003677   Thumb Code    30  arm.o(.text)
    Fetch_forward                            0x08003695   Thumb Code   204  arm.o(.text)
    Fetch_from_pillar                        0x08003761   Thumb Code   278  arm.o(.text)
    Score_1ring_3                            0x08003877   Thumb Code   126  arm.o(.text)
    Score_2ring_3                            0x080038f5   Thumb Code   300  arm.o(.text)
    Score_2ring_2                            0x08003a21   Thumb Code   340  arm.o(.text)
    Ultrasound_Init                          0x08003b95   Thumb Code   202  ultrasound.o(.text)
    TIM3_IRQHandler                          0x08003c5f   Thumb Code   178  ultrasound.o(.text)
    Measure_DST                              0x08003d11   Thumb Code   198  ultrasound.o(.text)
    __use_no_semihosting                     0x08003e09   Thumb Code     2  use_no_semi_2.o(.text)
    __2printf                                0x08003e0d   Thumb Code    20  noretval__2printf.o(.text)
    __printf                                 0x08003e25   Thumb Code   104  __printf.o(.text)
    _printf_int_dec                          0x08003e8d   Thumb Code   104  _printf_dec.o(.text)
    __use_two_region_memory                  0x08003f05   Thumb Code     2  heapauxi.o(.text)
    __rt_heap_escrow$2region                 0x08003f07   Thumb Code     2  heapauxi.o(.text)
    __rt_heap_expand$2region                 0x08003f09   Thumb Code     2  heapauxi.o(.text)
    __I$use$semihosting                      0x08003f0b   Thumb Code     0  use_no_semi.o(.text)
    __use_no_semihosting_swi                 0x08003f0b   Thumb Code     2  use_no_semi.o(.text)
    _printf_int_common                       0x08003f0d   Thumb Code   178  _printf_intcommon.o(.text)
    _printf_char_file                        0x08003fc1   Thumb Code    32  _printf_char_file.o(.text)
    _printf_char_common                      0x08003fef   Thumb Code    32  _printf_char_common.o(.text)
    ferror                                   0x08004015   Thumb Code     8  ferror.o(.text)
    __user_setup_stackheap                   0x0800401d   Thumb Code    74  sys_stackheap_outer.o(.text)
    exit                                     0x08004067   Thumb Code    12  exit.o(.text)
    __user_libspace                          0x08004075   Thumb Code     8  libspace.o(.text)
    __user_perproc_libspace                  0x08004075   Thumb Code     0  libspace.o(.text)
    __user_perthread_libspace                0x08004075   Thumb Code     0  libspace.o(.text)
    __aeabi_d2f                              0x0800407d   Thumb Code     0  d2f.o(x$fpl$d2f)
    _d2f                                     0x0800407d   Thumb Code    98  d2f.o(x$fpl$d2f)
    __aeabi_dadd                             0x080040e1   Thumb Code     0  daddsub_clz.o(x$fpl$dadd)
    _dadd                                    0x080040e1   Thumb Code   332  daddsub_clz.o(x$fpl$dadd)
    __aeabi_ddiv                             0x08004231   Thumb Code     0  ddiv.o(x$fpl$ddiv)
    _ddiv                                    0x08004231   Thumb Code   552  ddiv.o(x$fpl$ddiv)
    __aeabi_d2iz                             0x080044e1   Thumb Code     0  dfix.o(x$fpl$dfix)
    _dfix                                    0x080044e1   Thumb Code    94  dfix.o(x$fpl$dfix)
    __aeabi_i2d                              0x0800453f   Thumb Code     0  dflt_clz.o(x$fpl$dflt)
    _dflt                                    0x0800453f   Thumb Code    46  dflt_clz.o(x$fpl$dflt)
    __aeabi_dmul                             0x0800456d   Thumb Code     0  dmul.o(x$fpl$dmul)
    _dmul                                    0x0800456d   Thumb Code   332  dmul.o(x$fpl$dmul)
    __fpl_dnaninf                            0x080046c1   Thumb Code   156  dnaninf.o(x$fpl$dnaninf)
    __fpl_dretinf                            0x0800475d   Thumb Code    12  dretinf.o(x$fpl$dretinf)
    __aeabi_dsub                             0x08004769   Thumb Code     0  daddsub_clz.o(x$fpl$dsub)
    _dsub                                    0x08004769   Thumb Code   464  daddsub_clz.o(x$fpl$dsub)
    __aeabi_fadd                             0x0800493d   Thumb Code     0  faddsub_clz.o(x$fpl$fadd)
    _fadd                                    0x0800493d   Thumb Code   196  faddsub_clz.o(x$fpl$fadd)
    __fpl_fcmp_Inf                           0x08004a01   Thumb Code    24  fcmpi.o(x$fpl$fcmpinf)
    __aeabi_fdiv                             0x08004a19   Thumb Code     0  fdiv.o(x$fpl$fdiv)
    _fdiv                                    0x08004a19   Thumb Code   384  fdiv.o(x$fpl$fdiv)
    __aeabi_f2iz                             0x08004b9d   Thumb Code     0  ffix.o(x$fpl$ffix)
    _ffix                                    0x08004b9d   Thumb Code    54  ffix.o(x$fpl$ffix)
    __aeabi_i2f                              0x08004bd5   Thumb Code     0  fflt_clz.o(x$fpl$fflt)
    _fflt                                    0x08004bd5   Thumb Code    48  fflt_clz.o(x$fpl$fflt)
    __aeabi_cfcmple                          0x08004c05   Thumb Code     0  fleqf.o(x$fpl$fleqf)
    _fcmple                                  0x08004c05   Thumb Code   104  fleqf.o(x$fpl$fleqf)
    __fpl_fcmple_InfNaN                      0x08004c57   Thumb Code     0  fleqf.o(x$fpl$fleqf)
    __aeabi_fmul                             0x08004c6d   Thumb Code     0  fmul.o(x$fpl$fmul)
    _fmul                                    0x08004c6d   Thumb Code   258  fmul.o(x$fpl$fmul)
    __fpl_fnaninf                            0x08004d6f   Thumb Code   140  fnaninf.o(x$fpl$fnaninf)
    __fpl_fretinf                            0x08004dfb   Thumb Code    10  fretinf.o(x$fpl$fretinf)
    __aeabi_cfrcmple                         0x08004e05   Thumb Code     0  frleqf.o(x$fpl$frleqf)
    _frcmple                                 0x08004e05   Thumb Code    98  frleqf.o(x$fpl$frleqf)
    __aeabi_fsub                             0x08004e69   Thumb Code     0  faddsub_clz.o(x$fpl$fsub)
    _fsub                                    0x08004e69   Thumb Code   234  faddsub_clz.o(x$fpl$fsub)
    __I$use$fp                               0x08004f52   Number         0  usenofp.o(x$fpl$usenofp)
    Region$$Table$$Base                      0x08004f54   Number         0  anon$$obj.o(Region$$Table)
    Region$$Table$$Limit                     0x08004f74   Number         0  anon$$obj.o(Region$$Table)
    speedbuf                                 0x20000000   Data           8  main.o(.data)
    dirbuf                                   0x20000008   Data           8  main.o(.data)
    positionbuf                              0x20000010   Data           8  main.o(.data)
    startswitch                              0x20000018   Data           4  main.o(.data)
    dst                                      0x2000001c   Data           4  main.o(.data)
    SystemCoreClock                          0x20000020   Data           4  system_stm32f10x.o(.data)
    AHBPrescTable                            0x20000024   Data          16  system_stm32f10x.o(.data)
    lefdelay                                 0x20000038   Data           4  usart.o(.data)
    rigdelay                                 0x2000003c   Data           4  usart.o(.data)
    __stdout                                 0x20000040   Data           4  usart.o(.data)
    USART_RX_STA                             0x20000044   Data           2  usart.o(.data)
    leftoverflow                             0x2000005c   Data           4  timer_encoder.o(.data)
    rightoverflow                            0x20000060   Data           4  timer_encoder.o(.data)
    setnum_left                              0x20000064   Data           4  pid.o(.data)
    setnum_right                             0x20000068   Data           4  pid.o(.data)
    IsCloseloop                              0x2000006c   Data           4  pid.o(.data)
    pwmlevel_left                            0x20000070   Data           2  pid.o(.data)
    pwmlevel_right                           0x20000072   Data           2  pid.o(.data)
    secutst_incpid                           0x20000074   Data           4  pid.o(.data)
    Kp_line                                  0x20000078   Data           4  linefollow.o(.data)
    Ki_line                                  0x2000007c   Data           4  linefollow.o(.data)
    Kd_line                                  0x20000080   Data           4  linefollow.o(.data)
    error_line                               0x20000084   Data           4  linefollow.o(.data)
    P                                        0x20000088   Data           4  linefollow.o(.data)
    I                                        0x2000008c   Data           4  linefollow.o(.data)
    D                                        0x20000090   Data           4  linefollow.o(.data)
    PID_line                                 0x20000094   Data           4  linefollow.o(.data)
    prerror_line                             0x20000098   Data           4  linefollow.o(.data)
    previous_I                               0x2000009c   Data           4  linefollow.o(.data)
    initial_motor_speed                      0x200000a0   Data           4  linefollow.o(.data)
    phasecw                                  0x200000a4   Data           8  stepmotor.o(.data)
    phaseccw                                 0x200000ac   Data           8  stepmotor.o(.data)
    elevate_angle                            0x200000b4   Data           4  stepmotor.o(.data)
    final_gain                               0x200000b8   Data           4  arm.o(.data)
    shoulder                                 0x200000bc   Data           4  arm.o(.data)
    elbow                                    0x200000c0   Data           4  arm.o(.data)
    wrist                                    0x200000c4   Data           4  arm.o(.data)
    finger                                   0x200000c8   Data           4  arm.o(.data)
    i                                        0x200000cc   Data           4  arm.o(.data)
    TIM3CH4_CAPTURE_STA                      0x200000d0   Data           1  ultrasound.o(.data)
    TIM3CH4_CAPTURE_VAL                      0x200000d2   Data           2  ultrasound.o(.data)
    specificline                             0x200000d4   Data         160  strategy.o(.data)
    crossmark                                0x20000174   Data           4  strategy.o(.data)
    USART_RX_BUF                             0x20000178   Data         200  usart.o(.bss)
    PID_left                                 0x20000240   Data          28  pid.o(.bss)
    PID_right                                0x2000025c   Data          28  pid.o(.bss)
    __libspace_start                         0x20000278   Data          96  libspace.o(.bss)
    __temporary_stack_top$libspace           0x200002d8   Data           0  libspace.o(.bss)



==============================================================================

Memory Map of the image

  Image Entry point : 0x08000131

  Load Region LR_IROM1 (Base: 0x08000000, Size: 0x000050ec, Max: 0x00080000, ABSOLUTE, COMPRESSED[0x00004ff0])

    Execution Region ER_IROM1 (Base: 0x08000000, Size: 0x00004f74, Max: 0x00080000, ABSOLUTE)

    Base Addr    Size         Type   Attr      Idx    E Section Name        Object

    0x08000000   0x00000130   Data   RO          295    RESET               startup_stm32f10x_hd.o
    0x08000130   0x00000008   Code   RO          597  * !!!main             c_w.l(__main.o)
    0x08000138   0x00000034   Code   RO          827    !!!scatter          c_w.l(__scatter.o)
    0x0800016c   0x0000005a   Code   RO          825    !!dczerorl2         c_w.l(__dczerorl2.o)
    0x080001c6   0x00000002   PAD
    0x080001c8   0x0000001c   Code   RO          829    !!handler_zi        c_w.l(__scatter_zi.o)
    0x080001e4   0x00000000   Code   RO          594    .ARM.Collect$$_printf_percent$$00000000  c_w.l(_printf_percent.o)
    0x080001e4   0x00000006   Code   RO          593    .ARM.Collect$$_printf_percent$$00000009  c_w.l(_printf_d.o)
    0x080001ea   0x00000004   Code   RO          656    .ARM.Collect$$_printf_percent$$00000017  c_w.l(_printf_percent_end.o)
    0x080001ee   0x00000002   Code   RO          700    .ARM.Collect$$libinit$$00000000  c_w.l(libinit.o)
    0x080001f0   0x00000000   Code   RO          707    .ARM.Collect$$libinit$$00000002  c_w.l(libinit2.o)
    0x080001f0   0x00000000   Code   RO          709    .ARM.Collect$$libinit$$00000004  c_w.l(libinit2.o)
    0x080001f0   0x00000000   Code   RO          712    .ARM.Collect$$libinit$$0000000A  c_w.l(libinit2.o)
    0x080001f0   0x00000000   Code   RO          714    .ARM.Collect$$libinit$$0000000C  c_w.l(libinit2.o)
    0x080001f0   0x00000000   Code   RO          716    .ARM.Collect$$libinit$$0000000E  c_w.l(libinit2.o)
    0x080001f0   0x00000000   Code   RO          719    .ARM.Collect$$libinit$$00000011  c_w.l(libinit2.o)
    0x080001f0   0x00000000   Code   RO          721    .ARM.Collect$$libinit$$00000013  c_w.l(libinit2.o)
    0x080001f0   0x00000000   Code   RO          723    .ARM.Collect$$libinit$$00000015  c_w.l(libinit2.o)
    0x080001f0   0x00000000   Code   RO          725    .ARM.Collect$$libinit$$00000017  c_w.l(libinit2.o)
    0x080001f0   0x00000000   Code   RO          727    .ARM.Collect$$libinit$$00000019  c_w.l(libinit2.o)
    0x080001f0   0x00000000   Code   RO          729    .ARM.Collect$$libinit$$0000001B  c_w.l(libinit2.o)
    0x080001f0   0x00000000   Code   RO          731    .ARM.Collect$$libinit$$0000001D  c_w.l(libinit2.o)
    0x080001f0   0x00000000   Code   RO          733    .ARM.Collect$$libinit$$0000001F  c_w.l(libinit2.o)
    0x080001f0   0x00000000   Code   RO          735    .ARM.Collect$$libinit$$00000021  c_w.l(libinit2.o)
    0x080001f0   0x00000000   Code   RO          737    .ARM.Collect$$libinit$$00000023  c_w.l(libinit2.o)
    0x080001f0   0x00000000   Code   RO          739    .ARM.Collect$$libinit$$00000025  c_w.l(libinit2.o)
    0x080001f0   0x00000000   Code   RO          743    .ARM.Collect$$libinit$$0000002C  c_w.l(libinit2.o)
    0x080001f0   0x00000000   Code   RO          745    .ARM.Collect$$libinit$$0000002E  c_w.l(libinit2.o)
    0x080001f0   0x00000000   Code   RO          747    .ARM.Collect$$libinit$$00000030  c_w.l(libinit2.o)
    0x080001f0   0x00000000   Code   RO          749    .ARM.Collect$$libinit$$00000032  c_w.l(libinit2.o)
    0x080001f0   0x00000002   Code   RO          750    .ARM.Collect$$libinit$$00000033  c_w.l(libinit2.o)
    0x080001f2   0x00000002   Code   RO          768    .ARM.Collect$$libshutdown$$00000000  c_w.l(libshutdown.o)
    0x080001f4   0x00000000   Code   RO          779    .ARM.Collect$$libshutdown$$00000003  c_w.l(libshutdown2.o)
    0x080001f4   0x00000000   Code   RO          782    .ARM.Collect$$libshutdown$$00000006  c_w.l(libshutdown2.o)
    0x080001f4   0x00000000   Code   RO          785    .ARM.Collect$$libshutdown$$00000009  c_w.l(libshutdown2.o)
    0x080001f4   0x00000000   Code   RO          787    .ARM.Collect$$libshutdown$$0000000B  c_w.l(libshutdown2.o)
    0x080001f4   0x00000000   Code   RO          790    .ARM.Collect$$libshutdown$$0000000E  c_w.l(libshutdown2.o)
    0x080001f4   0x00000002   Code   RO          791    .ARM.Collect$$libshutdown$$0000000F  c_w.l(libshutdown2.o)
    0x080001f6   0x00000000   Code   RO          651    .ARM.Collect$$rtentry$$00000000  c_w.l(__rtentry.o)
    0x080001f6   0x00000000   Code   RO          669    .ARM.Collect$$rtentry$$00000002  c_w.l(__rtentry2.o)
    0x080001f6   0x00000006   Code   RO          681    .ARM.Collect$$rtentry$$00000004  c_w.l(__rtentry4.o)
    0x080001fc   0x00000000   Code   RO          671    .ARM.Collect$$rtentry$$00000009  c_w.l(__rtentry2.o)
    0x080001fc   0x00000004   Code   RO          672    .ARM.Collect$$rtentry$$0000000A  c_w.l(__rtentry2.o)
    0x08000200   0x00000000   Code   RO          674    .ARM.Collect$$rtentry$$0000000C  c_w.l(__rtentry2.o)
    0x08000200   0x00000008   Code   RO          675    .ARM.Collect$$rtentry$$0000000D  c_w.l(__rtentry2.o)
    0x08000208   0x00000002   Code   RO          704    .ARM.Collect$$rtexit$$00000000  c_w.l(rtexit.o)
    0x0800020a   0x00000000   Code   RO          752    .ARM.Collect$$rtexit$$00000002  c_w.l(rtexit2.o)
    0x0800020a   0x00000004   Code   RO          753    .ARM.Collect$$rtexit$$00000003  c_w.l(rtexit2.o)
    0x0800020e   0x00000006   Code   RO          754    .ARM.Collect$$rtexit$$00000004  c_w.l(rtexit2.o)
    0x08000214   0x00000594   Code   RO            1    .text               main.o
    0x080007a8   0x0000001a   Code   RO          161    .text               stm32f10x_it.o
    0x080007c2   0x00000002   PAD
    0x080007c4   0x000001e0   Code   RO          176    .text               system_stm32f10x.o
    0x080009a4   0x000000d4   Code   RO          194    .text               delay.o
    0x08000a78   0x0000037c   Code   RO          251    .text               usart.o
    0x08000df4   0x00000040   Code   RO          296    .text               startup_stm32f10x_hd.o
    0x08000e34   0x000000dc   Code   RO          300    .text               misc.o
    0x08000f10   0x0000035c   Code   RO          336    .text               stm32f10x_gpio.o
    0x0800126c   0x000003a4   Code   RO          360    .text               stm32f10x_rcc.o
    0x08001610   0x00000e1a   Code   RO          374    .text               stm32f10x_tim.o
    0x0800242a   0x00000002   PAD
    0x0800242c   0x00000408   Code   RO          386    .text               stm32f10x_usart.o
    0x08002834   0x000001dc   Code   RO          398    .text               timer_encoder.o
    0x08002a10   0x00000300   Code   RO          420    .text               pid.o
    0x08002d10   0x00000208   Code   RO          440    .text               atimer.o
    0x08002f18   0x000002e4   Code   RO          452    .text               otimer.o
    0x080031fc   0x00000208   Code   RO          469    .text               linefollow.o
    0x08003404   0x0000002c   Code   RO          491    .text               infrared.o
    0x08003430   0x00000100   Code   RO          503    .text               stepmotor.o
    0x08003530   0x00000664   Code   RO          521    .text               arm.o
    0x08003b94   0x00000274   Code   RO          539    .text               ultrasound.o
    0x08003e08   0x00000002   Code   RO          563    .text               c_w.l(use_no_semi_2.o)
    0x08003e0a   0x00000002   PAD
    0x08003e0c   0x00000018   Code   RO          567    .text               c_w.l(noretval__2printf.o)
    0x08003e24   0x00000068   Code   RO          569    .text               c_w.l(__printf.o)
    0x08003e8c   0x00000078   Code   RO          571    .text               c_w.l(_printf_dec.o)
    0x08003f04   0x00000006   Code   RO          595    .text               c_w.l(heapauxi.o)
    0x08003f0a   0x00000002   Code   RO          649    .text               c_w.l(use_no_semi.o)
    0x08003f0c   0x000000b2   Code   RO          652    .text               c_w.l(_printf_intcommon.o)
    0x08003fbe   0x00000002   PAD
    0x08003fc0   0x00000024   Code   RO          654    .text               c_w.l(_printf_char_file.o)
    0x08003fe4   0x00000030   Code   RO          683    .text               c_w.l(_printf_char_common.o)
    0x08004014   0x00000008   Code   RO          685    .text               c_w.l(ferror.o)
    0x0800401c   0x0000004a   Code   RO          689    .text               c_w.l(sys_stackheap_outer.o)
    0x08004066   0x0000000c   Code   RO          693    .text               c_w.l(exit.o)
    0x08004072   0x00000002   PAD
    0x08004074   0x00000008   Code   RO          701    .text               c_w.l(libspace.o)
    0x0800407c   0x00000062   Code   RO          599    x$fpl$d2f           fz_ws.l(d2f.o)
    0x080040de   0x00000002   PAD
    0x080040e0   0x00000150   Code   RO          601    x$fpl$dadd          fz_ws.l(daddsub_clz.o)
    0x08004230   0x000002b0   Code   RO          608    x$fpl$ddiv          fz_ws.l(ddiv.o)
    0x080044e0   0x0000005e   Code   RO          611    x$fpl$dfix          fz_ws.l(dfix.o)
    0x0800453e   0x0000002e   Code   RO          616    x$fpl$dflt          fz_ws.l(dflt_clz.o)
    0x0800456c   0x00000154   Code   RO          621    x$fpl$dmul          fz_ws.l(dmul.o)
    0x080046c0   0x0000009c   Code   RO          657    x$fpl$dnaninf       fz_ws.l(dnaninf.o)
    0x0800475c   0x0000000c   Code   RO          659    x$fpl$dretinf       fz_ws.l(dretinf.o)
    0x08004768   0x000001d4   Code   RO          603    x$fpl$dsub          fz_ws.l(daddsub_clz.o)
    0x0800493c   0x000000c4   Code   RO          623    x$fpl$fadd          fz_ws.l(faddsub_clz.o)
    0x08004a00   0x00000018   Code   RO          661    x$fpl$fcmpinf       fz_ws.l(fcmpi.o)
    0x08004a18   0x00000184   Code   RO          630    x$fpl$fdiv          fz_ws.l(fdiv.o)
    0x08004b9c   0x00000036   Code   RO          633    x$fpl$ffix          fz_ws.l(ffix.o)
    0x08004bd2   0x00000002   PAD
    0x08004bd4   0x00000030   Code   RO          638    x$fpl$fflt          fz_ws.l(fflt_clz.o)
    0x08004c04   0x00000068   Code   RO          643    x$fpl$fleqf         fz_ws.l(fleqf.o)
    0x08004c6c   0x00000102   Code   RO          645    x$fpl$fmul          fz_ws.l(fmul.o)
    0x08004d6e   0x0000008c   Code   RO          663    x$fpl$fnaninf       fz_ws.l(fnaninf.o)
    0x08004dfa   0x0000000a   Code   RO          665    x$fpl$fretinf       fz_ws.l(fretinf.o)
    0x08004e04   0x00000062   Code   RO          647    x$fpl$frleqf        fz_ws.l(frleqf.o)
    0x08004e66   0x00000002   PAD
    0x08004e68   0x000000ea   Code   RO          625    x$fpl$fsub          fz_ws.l(faddsub_clz.o)
    0x08004f52   0x00000000   Code   RO          667    x$fpl$usenofp       fz_ws.l(usenofp.o)
    0x08004f52   0x00000002   PAD
    0x08004f54   0x00000020   Data   RO          823    Region$$Table       anon$$obj.o


    Execution Region RW_IRAM1 (Base: 0x20000000, Size: 0x000008d8, Max: 0x00010000, ABSOLUTE, COMPRESSED[0x0000007c])

    Base Addr    Size         Type   Attr      Idx    E Section Name        Object

    0x20000000   0x00000020   Data   RW            2    .data               main.o
    0x20000020   0x00000014   Data   RW          177    .data               system_stm32f10x.o
    0x20000034   0x00000004   Data   RW          195    .data               delay.o
    0x20000038   0x0000000e   Data   RW          253    .data               usart.o
    0x20000046   0x00000014   Data   RW          361    .data               stm32f10x_rcc.o
    0x2000005a   0x00000002   PAD
    0x2000005c   0x00000008   Data   RW          399    .data               timer_encoder.o
    0x20000064   0x00000014   Data   RW          422    .data               pid.o
    0x20000078   0x0000002c   Data   RW          470    .data               linefollow.o
    0x200000a4   0x00000014   Data   RW          504    .data               stepmotor.o
    0x200000b8   0x00000018   Data   RW          522    .data               arm.o
    0x200000d0   0x00000004   Data   RW          540    .data               ultrasound.o
    0x200000d4   0x000000a4   Data   RW          554    .data               strategy.o
    0x20000178   0x000000c8   Zero   RW          252    .bss                usart.o
    0x20000240   0x00000038   Zero   RW          421    .bss                pid.o
    0x20000278   0x00000060   Zero   RW          702    .bss                c_w.l(libspace.o)
    0x200002d8   0x00000200   Zero   RW          294    HEAP                startup_stm32f10x_hd.o
    0x200004d8   0x00000400   Zero   RW          293    STACK               startup_stm32f10x_hd.o


==============================================================================

Image component sizes


      Code (inc. data)   RO Data    RW Data    ZI Data      Debug   Object Name

      1636         74          0         24          0       3532   arm.o
       520         28          0          0          0       1120   atimer.o
       212         18          0          4          0     206027   delay.o
        44          6          0          0          0        568   infrared.o
       520         70          0         44          0       1953   linefollow.o
      1428         98          0         32          0      51181   main.o
       220         22          0          0          0       1917   misc.o
       740         64          0          0          0       1468   otimer.o
       768         68          0         20         56       4428   pid.o
        64         26        304          0       1536        848   startup_stm32f10x_hd.o
       256         16          0         20          0       2403   stepmotor.o
       860         38          0          0          0       5761   stm32f10x_gpio.o
        26          0          0          0          0       1238   stm32f10x_it.o
       932         36          0         20          0       8992   stm32f10x_rcc.o
      3610         88          0          0          0      22248   stm32f10x_tim.o
      1032         22          0          0          0       8488   stm32f10x_usart.o
         0          0          0        164          0        593   strategy.o
         0          0          0          0          0         32   sys.o
       480         38          0         20          0       1911   system_stm32f10x.o
       476         34          0          8          0       1953   timer_encoder.o
       628         50          0          4          0       1728   ultrasound.o
       892         94          0         14        200       4253   usart.o

    ----------------------------------------------------------------------
     15348        890        336        376       1792     332642   Object Totals
         0          0         32          0          0          0   (incl. Generated)
         4          0          0          2          0          0   (incl. Padding)

    ----------------------------------------------------------------------

      Code (inc. data)   RO Data    RW Data    ZI Data      Debug   Library Member Name

        90          0          0          0          0          0   __dczerorl2.o
         8          0          0          0          0         68   __main.o
       104          0          0          0          0         84   __printf.o
         0          0          0          0          0          0   __rtentry.o
        12          0          0          0          0          0   __rtentry2.o
         6          0          0          0          0          0   __rtentry4.o
        52          8          0          0          0          0   __scatter.o
        28          0          0          0          0          0   __scatter_zi.o
        48          6          0          0          0         96   _printf_char_common.o
        36          4          0          0          0         80   _printf_char_file.o
         6          0          0          0          0          0   _printf_d.o
       120         16          0          0          0         92   _printf_dec.o
       178          0          0          0          0         88   _printf_intcommon.o
         0          0          0          0          0          0   _printf_percent.o
         4          0          0          0          0          0   _printf_percent_end.o
        12          0          0          0          0         72   exit.o
         8          0          0          0          0         68   ferror.o
         6          0          0          0          0        152   heapauxi.o
         2          0          0          0          0          0   libinit.o
         2          0          0          0          0          0   libinit2.o
         2          0          0          0          0          0   libshutdown.o
         2          0          0          0          0          0   libshutdown2.o
         8          4          0          0         96         68   libspace.o
        24          4          0          0          0         84   noretval__2printf.o
         2          0          0          0          0          0   rtexit.o
        10          0          0          0          0          0   rtexit2.o
        74          0          0          0          0         80   sys_stackheap_outer.o
         2          0          0          0          0         68   use_no_semi.o
         2          0          0          0          0         68   use_no_semi_2.o
        98          4          0          0          0         92   d2f.o
       804         16          0          0          0        272   daddsub_clz.o
       688        140          0          0          0        208   ddiv.o
        94          4          0          0          0         92   dfix.o
        46          0          0          0          0         68   dflt_clz.o
       340         12          0          0          0        104   dmul.o
       156          4          0          0          0         92   dnaninf.o
        12          0          0          0          0         68   dretinf.o
       430          8          0          0          0        168   faddsub_clz.o
        24          0          0          0          0         68   fcmpi.o
       388         76          0          0          0         96   fdiv.o
        54          4          0          0          0         84   ffix.o
        48          0          0          0          0         68   fflt_clz.o
       104          4          0          0          0         84   fleqf.o
       258          4          0          0          0         84   fmul.o
       140          4          0          0          0         84   fnaninf.o
        10          0          0          0          0         68   fretinf.o
        98          0          0          0          0         68   frleqf.o
         0          0          0          0          0          0   usenofp.o

    ----------------------------------------------------------------------
      4656        322          0          0         96       3036   Library Totals
        16          0          0          0          0          0   (incl. Padding)

    ----------------------------------------------------------------------

      Code (inc. data)   RO Data    RW Data    ZI Data      Debug   Library Name

       848         42          0          0         96       1168   c_w.l
      3792        280          0          0          0       1868   fz_ws.l

    ----------------------------------------------------------------------
      4656        322          0          0         96       3036   Library Totals

    ----------------------------------------------------------------------

==============================================================================


      Code (inc. data)   RO Data    RW Data    ZI Data      Debug   

     20004       1212        336        376       1888     332606   Grand Totals
     20004       1212        336        124       1888     332606   ELF Image Totals (compressed)
     20004       1212        336        124          0          0   ROM Totals

==============================================================================

    Total RO  Size (Code + RO Data)                20340 (  19.86kB)
    Total RW  Size (RW Data + ZI Data)              2264 (   2.21kB)
    Total ROM Size (Code + RO Data + RW Data)      20464 (  19.98kB)

==============================================================================

