<html>
<body>
<pre>
<h1>礦ision Build Log</h1>
<h2>Tool Versions:</h2>
IDE-Version: μVision V5.14.0.0
Copyright (C) 2015 ARM Ltd and ARM Germany GmbH. All rights reserved.
License Information: chen jiawei, chen, LIC=8VRBS-LTGFE-AQ00M-XUZ7K-IMF33-3X9MX
 
Tool Versions:
Toolchain:       MDK-ARM Standard  Version: 5.14.0.0
Toolchain Path:  D:\MDK5\ARM\ARMCC\Bin
C Compiler:      Armcc.exe V5.05 update 1 (build 106)
Assembler:       Armasm.exe V5.05 update 1 (build 106)
Linker/Locator:  ArmLink.exe V5.05 update 1 (build 106)
Library Manager: ArmAr.exe V5.05 update 1 (build 106)
Hex Converter:   FromElf.exe V5.05 update 1 (build 106)
CPU DLL:         SARMCM3.DLL V5.14.0.0
Dialog DLL:      DARMSTM.DLL V1.65.0.0
Target DLL:      Segger\JL2CM3.dll V2.99.13.0
Dialog DLL:      TARMSTM.DLL V1.64.0.0
 
<h2>Project:</h2>
C:\Users\54925\Desktop\黑白复原+case完全pri_car_final_0点\黑白复原+case完全pri_car_final\pri_car_final\USER\Encoder for motor.uvprojx
Project File Date:  05/10/2019

<h2>Output:</h2>
Build target 'Encoder for motor'
compiling arm.c...
linking...
Program Size: Code=20004 RO-data=336 RW-data=376 ZI-data=1888  
FromELF: creating hex file...
"..\OBJ\Template.axf" - 0 Error(s), 0 Warning(s).

<h2>Collection of Component include folders:</h2>
  C:\Users\54925\Desktop\黑白复原+case完全pri_car_final_0点\黑白复原+case完全pri_car_final\pri_car_final\USER\RTE
  D:\MDK5\ARM\PACK\Keil\STM32F1xx_DFP\1.0.5\Device\Include

<h2>Collection of Component Files used:</h2>
</pre>
</body>
</html>
